Component: ARM Compiler 5.05 update 1 (build 106) Tool: armlink [4d0efa]

==============================================================================

Section Cross References

    system_stm32f10x.o(.text) refers to system_stm32f10x.o(.data) for SystemCoreClock
    minibalance.o(.text) refers to sys.o(.text) for MY_NVIC_PriorityGroupConfig
    minibalance.o(.text) refers to delay.o(.text) for delay_init
    minibalance.o(.text) refers to led.o(.text) for LED_Init
    minibalance.o(.text) refers to key.o(.text) for KEY_Init
    minibalance.o(.text) refers to motor.o(.text) for MiniBalance_PWM_Init
    minibalance.o(.text) refers to usart.o(.text) for uart_init
    minibalance.o(.text) refers to usart3.o(.text) for uart3_init
    minibalance.o(.text) refers to encoder.o(.text) for Encoder_Init_TIM2
    minibalance.o(.text) refers to adc.o(.text) for Adc_Init
    minibalance.o(.text) refers to ioi2c.o(.text) for IIC_Init
    minibalance.o(.text) refers to oled.o(.text) for OLED_Init
    minibalance.o(.text) refers to mpu6050.o(.text) for MPU6050_initialize
    minibalance.o(.text) refers to exti.o(.text) for MiniBalance_EXTI_Init
    minibalance.o(.text) refers to show.o(.text) for APP_Show
    minibalance.o(.text) refers to minibalance.o(.data) for Flag_Show
    startup_stm32f10x_md.o(STACK) refers (Special) to heapauxi.o(.text) for __use_two_region_memory
    startup_stm32f10x_md.o(HEAP) refers (Special) to heapauxi.o(.text) for __use_two_region_memory
    startup_stm32f10x_md.o(RESET) refers (Special) to heapauxi.o(.text) for __use_two_region_memory
    startup_stm32f10x_md.o(RESET) refers to startup_stm32f10x_md.o(STACK) for __initial_sp
    startup_stm32f10x_md.o(RESET) refers to startup_stm32f10x_md.o(.text) for Reset_Handler
    startup_stm32f10x_md.o(RESET) refers to stm32f10x_it.o(.text) for NMI_Handler
    startup_stm32f10x_md.o(RESET) refers to encoder.o(.text) for TIM2_IRQHandler
    startup_stm32f10x_md.o(RESET) refers to usart3.o(.text) for USART3_IRQHandler
    startup_stm32f10x_md.o(RESET) refers to control.o(.text) for EXTI15_10_IRQHandler
    startup_stm32f10x_md.o(.text) refers (Special) to heapauxi.o(.text) for __use_two_region_memory
    startup_stm32f10x_md.o(.text) refers to system_stm32f10x.o(.text) for SystemInit
    startup_stm32f10x_md.o(.text) refers to __main.o(!!!main) for __main
    startup_stm32f10x_md.o(.text) refers to startup_stm32f10x_md.o(HEAP) for Heap_Mem
    startup_stm32f10x_md.o(.text) refers to startup_stm32f10x_md.o(STACK) for Stack_Mem
    stm32f10x_adc.o(.text) refers to stm32f10x_rcc.o(.text) for RCC_APB2PeriphResetCmd
    stm32f10x_bkp.o(.text) refers to stm32f10x_rcc.o(.text) for RCC_BackupResetCmd
    stm32f10x_can.o(.text) refers to stm32f10x_rcc.o(.text) for RCC_APB1PeriphResetCmd
    stm32f10x_cec.o(.text) refers to stm32f10x_rcc.o(.text) for RCC_APB1PeriphResetCmd
    stm32f10x_dac.o(.text) refers to stm32f10x_rcc.o(.text) for RCC_APB1PeriphResetCmd
    stm32f10x_gpio.o(.text) refers to stm32f10x_rcc.o(.text) for RCC_APB2PeriphResetCmd
    stm32f10x_i2c.o(.text) refers to stm32f10x_rcc.o(.text) for RCC_APB1PeriphResetCmd
    stm32f10x_pwr.o(.text) refers to stm32f10x_rcc.o(.text) for RCC_APB1PeriphResetCmd
    stm32f10x_rcc.o(.text) refers to stm32f10x_rcc.o(.data) for APBAHBPrescTable
    stm32f10x_spi.o(.text) refers to stm32f10x_rcc.o(.text) for RCC_APB2PeriphResetCmd
    stm32f10x_tim.o(.text) refers to stm32f10x_rcc.o(.text) for RCC_APB2PeriphResetCmd
    stm32f10x_usart.o(.text) refers to stm32f10x_rcc.o(.text) for RCC_APB2PeriphResetCmd
    stm32f10x_wwdg.o(.text) refers to stm32f10x_rcc.o(.text) for RCC_APB1PeriphResetCmd
    delay.o(.text) refers to misc.o(.text) for SysTick_CLKSourceConfig
    delay.o(.text) refers to system_stm32f10x.o(.data) for SystemCoreClock
    delay.o(.text) refers to delay.o(.data) for fac_us
    sys.o(.text) refers to sys.o(.emb_text) for WFI_SET
    usart.o(.text) refers (Special) to use_no_semi_2.o(.text) for __use_no_semihosting
    usart.o(.text) refers to stm32f10x_rcc.o(.text) for RCC_APB2PeriphClockCmd
    usart.o(.text) refers to stm32f10x_gpio.o(.text) for GPIO_Init
    usart.o(.text) refers to stm32f10x_usart.o(.text) for USART_Init
    usart.o(.text) refers to minibalance.o(.data) for Flag_Show
    usart.o(.data) refers (Special) to use_no_semi_2.o(.text) for __use_no_semihosting
    led.o(.text) refers to stm32f10x_rcc.o(.text) for RCC_APB2PeriphClockCmd
    led.o(.text) refers to stm32f10x_gpio.o(.text) for GPIO_Init
    led.o(.text) refers to led.o(.data) for temp
    key.o(.text) refers to stm32f10x_rcc.o(.text) for RCC_APB2PeriphClockCmd
    key.o(.text) refers to stm32f10x_gpio.o(.text) for GPIO_Init
    key.o(.text) refers to key.o(.data) for Forever_count
    oled.o(.text) refers to stm32f10x_rcc.o(.text) for RCC_APB2PeriphClockCmd
    oled.o(.text) refers to stm32f10x_gpio.o(.text) for GPIO_Init
    oled.o(.text) refers to stm32f10x_pwr.o(.text) for PWR_BackupAccessCmd
[...]
    DMA1_Channel7_IRQHandler                 0x08000487   Thumb Code     0  startup_stm32f10x_md.o(.text)
    EXTI0_IRQHandler                         0x08000487   Thumb Code     0  startup_stm32f10x_md.o(.text)
    EXTI1_IRQHandler                         0x08000487   Thumb Code     0  startup_stm32f10x_md.o(.text)
    EXTI2_IRQHandler                         0x08000487   Thumb Code     0  startup_stm32f10x_md.o(.text)
    EXTI3_IRQHandler                         0x08000487   Thumb Code     0  startup_stm32f10x_md.o(.text)
    EXTI4_IRQHandler                         0x08000487   Thumb Code     0  startup_stm32f10x_md.o(.text)
    EXTI9_5_IRQHandler                       0x08000487   Thumb Code     0  startup_stm32f10x_md.o(.text)
    FLASH_IRQHandler                         0x08000487   Thumb Code     0  startup_stm32f10x_md.o(.text)
    I2C1_ER_IRQHandler                       0x08000487   Thumb Code     0  startup_stm32f10x_md.o(.text)
    I2C1_EV_IRQHandler                       0x08000487   Thumb Code     0  startup_stm32f10x_md.o(.text)
    I2C2_ER_IRQHandler                       0x08000487   Thumb Code     0  startup_stm32f10x_md.o(.text)
    I2C2_EV_IRQHandler                       0x08000487   Thumb Code     0  startup_stm32f10x_md.o(.text)
    PVD_IRQHandler                           0x08000487   Thumb Code     0  startup_stm32f10x_md.o(.text)
    RCC_IRQHandler                           0x08000487   Thumb Code     0  startup_stm32f10x_md.o(.text)
    RTCAlarm_IRQHandler                      0x08000487   Thumb Code     0  startup_stm32f10x_md.o(.text)
    RTC_IRQHandler                           0x08000487   Thumb Code     0  startup_stm32f10x_md.o(.text)
    SPI1_IRQHandler                          0x08000487   Thumb Code     0  startup_stm32f10x_md.o(.text)
    SPI2_IRQHandler                          0x08000487   Thumb Code     0  startup_stm32f10x_md.o(.text)
    TAMPER_IRQHandler                        0x08000487   Thumb Code     0  startup_stm32f10x_md.o(.text)
    TIM1_BRK_IRQHandler                      0x08000487   Thumb Code     0  startup_stm32f10x_md.o(.text)
    TIM1_CC_IRQHandler                       0x08000487   Thumb Code     0  startup_stm32f10x_md.o(.text)
    TIM1_TRG_COM_IRQHandler                  0x08000487   Thumb Code     0  startup_stm32f10x_md.o(.text)
    TIM1_UP_IRQHandler                       0x08000487   Thumb Code     0  startup_stm32f10x_md.o(.text)
    TIM3_IRQHandler                          0x08000487   Thumb Code     0  startup_stm32f10x_md.o(.text)
    USART1_IRQHandler                        0x08000487   Thumb Code     0  startup_stm32f10x_md.o(.text)
    USART2_IRQHandler                        0x08000487   Thumb Code     0  startup_stm32f10x_md.o(.text)
    USBWakeUp_IRQHandler                     0x08000487   Thumb Code     0  startup_stm32f10x_md.o(.text)
    USB_HP_CAN1_TX_IRQHandler                0x08000487   Thumb Code     0  startup_stm32f10x_md.o(.text)
    USB_LP_CAN1_RX0_IRQHandler               0x08000487   Thumb Code     0  startup_stm32f10x_md.o(.text)
    WWDG_IRQHandler                          0x08000487   Thumb Code     0  startup_stm32f10x_md.o(.text)
    __user_initial_stackheap                 0x08000489   Thumb Code     0  startup_stm32f10x_md.o(.text)
    NVIC_PriorityGroupConfig                 0x080004ad   Thumb Code    10  misc.o(.text)
    NVIC_Init                                0x080004b7   Thumb Code   100  misc.o(.text)
    NVIC_SetVectorTable                      0x0800051b   Thumb Code    14  misc.o(.text)
    NVIC_SystemLPConfig                      0x08000529   Thumb Code    34  misc.o(.text)
    SysTick_CLKSourceConfig                  0x0800054b   Thumb Code    40  misc.o(.text)
    ADC_DeInit                               0x08000589   Thumb Code    78  stm32f10x_adc.o(.text)
    ADC_Init                                 0x080005d7   Thumb Code    70  stm32f10x_adc.o(.text)
    ADC_StructInit                           0x0800061d   Thumb Code    18  stm32f10x_adc.o(.text)
    ADC_Cmd                                  0x0800062f   Thumb Code    22  stm32f10x_adc.o(.text)
    ADC_DMACmd                               0x08000645   Thumb Code    22  stm32f10x_adc.o(.text)
    ADC_ITConfig                             0x0800065b   Thumb Code    24  stm32f10x_adc.o(.text)
    ADC_ResetCalibration                     0x08000673   Thumb Code    10  stm32f10x_adc.o(.text)
    ADC_GetResetCalibrationStatus            0x0800067d   Thumb Code    20  stm32f10x_adc.o(.text)
    ADC_StartCalibration                     0x08000691   Thumb Code    10  stm32f10x_adc.o(.text)
    ADC_GetCalibrationStatus                 0x0800069b   Thumb Code    20  stm32f10x_adc.o(.text)
    ADC_SoftwareStartConvCmd                 0x080006af   Thumb Code    22  stm32f10x_adc.o(.text)
    ADC_GetSoftwareStartConvStatus           0x080006c5   Thumb Code    20  stm32f10x_adc.o(.text)
    ADC_DiscModeChannelCountConfig           0x080006d9   Thumb Code    24  stm32f10x_adc.o(.text)
    ADC_DiscModeCmd                          0x080006f1   Thumb Code    22  stm32f10x_adc.o(.text)
    ADC_RegularChannelConfig                 0x08000707   Thumb Code   184  stm32f10x_adc.o(.text)
    ADC_ExternalTrigConvCmd                  0x080007bf   Thumb Code    22  stm32f10x_adc.o(.text)
    ADC_GetConversionValue                   0x080007d5   Thumb Code     8  stm32f10x_adc.o(.text)
    ADC_GetDualModeConversionValue           0x080007dd   Thumb Code     8  stm32f10x_adc.o(.text)
    ADC_AutoInjectedConvCmd                  0x080007e5   Thumb Code    22  stm32f10x_adc.o(.text)
    ADC_InjectedDiscModeCmd                  0x080007fb   Thumb Code    22  stm32f10x_adc.o(.text)
    ADC_ExternalTrigInjectedConvConfig       0x08000811   Thumb Code    16  stm32f10x_adc.o(.text)
    ADC_ExternalTrigInjectedConvCmd          0x08000821   Thumb Code    22  stm32f10x_adc.o(.text)
    ADC_SoftwareStartInjectedConvCmd         0x08000837   Thumb Code    22  stm32f10x_adc.o(.text)
    ADC_GetSoftwareStartInjectedConvCmdStatus 0x0800084d   Thumb Code    20  stm32f10x_adc.o(.text)
    ADC_InjectedChannelConfig                0x08000861   Thumb Code   130  stm32f10x_adc.o(.text)
    ADC_InjectedSequencerLengthConfig        0x080008e3   Thumb Code    24  stm32f10x_adc.o(.text)
    ADC_SetInjectedOffset                    0x080008fb   Thumb Code    20  stm32f10x_adc.o(.text)
    ADC_GetInjectedConversionValue           0x0800090f   Thumb Code    28  stm32f10x_adc.o(.text)
    ADC_AnalogWatchdogCmd                    0x0800092b   Thumb Code    16  stm32f10x_adc.o(.text)
    ADC_AnalogWatchdogThresholdsConfig       0x0800093b   Thumb Code     6  stm32f10x_adc.o(.text)
    ADC_AnalogWatchdogSingleChannelConfig    0x08000941   Thumb Code    16  stm32f10x_adc.o(.text)
    ADC_TempSensorVrefintCmd                 0x08000951   Thumb Code    64  stm32f10x_adc.o(.text)
    ADC_GetFlagStatus                        0x08000991   Thumb Code    18  stm32f10x_adc.o(.text)
    ADC_ClearFlag                            0x080009a3   Thumb Code     6  stm32f10x_adc.o(.text)
    ADC_GetITStatus                          0x080009a9   Thumb Code    36  stm32f10x_adc.o(.text)
    ADC_ClearITPendingBit                    0x080009cd   Thumb Code    10  stm32f10x_adc.o(.text)
    BKP_DeInit                               0x080009d9   Thumb Code    16  stm32f10x_bkp.o(.text)
    BKP_TamperPinLevelConfig                 0x080009e9   Thumb Code     6  stm32f10x_bkp.o(.text)
    BKP_TamperPinCmd                         0x080009ef   Thumb Code     8  stm32f10x_bkp.o(.text)
    BKP_ITConfig                             0x080009f7   Thumb Code     8  stm32f10x_bkp.o(.text)
    BKP_RTCOutputConfig                      0x080009ff   Thumb Code    22  stm32f10x_bkp.o(.text)
    BKP_SetRTCCalibrationValue               0x08000a15   Thumb Code    22  stm32f10x_bkp.o(.text)
    BKP_WriteBackupRegister                  0x08000a2b   Thumb Code    24  stm32f10x_bkp.o(.text)
    BKP_ReadBackupRegister                   0x08000a43   Thumb Code    26  stm32f10x_bkp.o(.text)
    BKP_GetFlagStatus                        0x08000a5d   Thumb Code    10  stm32f10x_bkp.o(.text)
    BKP_ClearFlag                            0x08000a67   Thumb Code    18  stm32f10x_bkp.o(.text)
    BKP_GetITStatus                          0x08000a79   Thumb Code    10  stm32f10x_bkp.o(.text)
    BKP_ClearITPendingBit                    0x08000a83   Thumb Code    18  stm32f10x_bkp.o(.text)
    EXTI_DeInit                              0x08000a9d   Thumb Code    28  stm32f10x_exti.o(.text)
    EXTI_Init                                0x08000ab9   Thumb Code   142  stm32f10x_exti.o(.text)
    EXTI_StructInit                          0x08000b47   Thumb Code    16  stm32f10x_exti.o(.text)
    EXTI_GenerateSWInterrupt                 0x08000b57   Thumb Code    16  stm32f10x_exti.o(.text)
    EXTI_GetFlagStatus                       0x08000b67   Thumb Code    22  stm32f10x_exti.o(.text)
    EXTI_ClearFlag                           0x08000b7d   Thumb Code     8  stm32f10x_exti.o(.text)
    EXTI_GetITStatus                         0x08000b85   Thumb Code    34  stm32f10x_exti.o(.text)
    EXTI_ClearITPendingBit                   0x08000ba7   Thumb Code     8  stm32f10x_exti.o(.text)
    GPIO_DeInit                              0x08000bb9   Thumb Code   172  stm32f10x_gpio.o(.text)
    GPIO_AFIODeInit                          0x08000c65   Thumb Code    20  stm32f10x_gpio.o(.text)
    GPIO_Init                                0x08000c79   Thumb Code   278  stm32f10x_gpio.o(.text)
    GPIO_StructInit                          0x08000d8f   Thumb Code    16  stm32f10x_gpio.o(.text)
    GPIO_ReadInputDataBit                    0x08000d9f   Thumb Code    18  stm32f10x_gpio.o(.text)
    GPIO_ReadInputData                       0x08000db1   Thumb Code     8  stm32f10x_gpio.o(.text)
    GPIO_ReadOutputDataBit                   0x08000db9   Thumb Code    18  stm32f10x_gpio.o(.text)
    GPIO_ReadOutputData                      0x08000dcb   Thumb Code     8  stm32f10x_gpio.o(.text)
    GPIO_SetBits                             0x08000dd3   Thumb Code     4  stm32f10x_gpio.o(.text)
    GPIO_ResetBits                           0x08000dd7   Thumb Code     4  stm32f10x_gpio.o(.text)
    GPIO_WriteBit                            0x08000ddb   Thumb Code    10  stm32f10x_gpio.o(.text)
    GPIO_Write                               0x08000de5   Thumb Code     4  stm32f10x_gpio.o(.text)
    GPIO_PinLockConfig                       0x08000de9   Thumb Code    18  stm32f10x_gpio.o(.text)
    GPIO_EventOutputConfig                   0x08000dfb   Thumb Code    26  stm32f10x_gpio.o(.text)
    GPIO_EventOutputCmd                      0x08000e15   Thumb Code     6  stm32f10x_gpio.o(.text)
    GPIO_PinRemapConfig                      0x08000e1b   Thumb Code   138  stm32f10x_gpio.o(.text)
    GPIO_EXTILineConfig                      0x08000ea5   Thumb Code    66  stm32f10x_gpio.o(.text)
    GPIO_ETH_MediaInterfaceConfig            0x08000ee7   Thumb Code     8  stm32f10x_gpio.o(.text)
    PWR_DeInit                               0x08000f15   Thumb Code    22  stm32f10x_pwr.o(.text)
    PWR_BackupAccessCmd                      0x08000f2b   Thumb Code     6  stm32f10x_pwr.o(.text)
    PWR_PVDCmd                               0x08000f31   Thumb Code     6  stm32f10x_pwr.o(.text)
    PWR_PVDLevelConfig                       0x08000f37   Thumb Code    18  stm32f10x_pwr.o(.text)
    PWR_WakeUpPinCmd                         0x08000f49   Thumb Code     8  stm32f10x_pwr.o(.text)
    PWR_EnterSTOPMode                        0x08000f51   Thumb Code    54  stm32f10x_pwr.o(.text)
    PWR_EnterSTANDBYMode                     0x08000f87   Thumb Code    42  stm32f10x_pwr.o(.text)
    PWR_GetFlagStatus                        0x08000fb1   Thumb Code    20  stm32f10x_pwr.o(.text)
    PWR_ClearFlag                            0x08000fc5   Thumb Code    14  stm32f10x_pwr.o(.text)
    RCC_DeInit                               0x08000fe1   Thumb Code    64  stm32f10x_rcc.o(.text)
    RCC_HSEConfig                            0x08001021   Thumb Code    70  stm32f10x_rcc.o(.text)
    RCC_GetFlagStatus                        0x08001067   Thumb Code    56  stm32f10x_rcc.o(.text)
    RCC_WaitForHSEStartUp                    0x0800109f   Thumb Code    56  stm32f10x_rcc.o(.text)
    RCC_AdjustHSICalibrationValue            0x080010d7   Thumb Code    20  stm32f10x_rcc.o(.text)
    RCC_HSICmd                               0x080010eb   Thumb Code     6  stm32f10x_rcc.o(.text)
    RCC_PLLConfig                            0x080010f1   Thumb Code    24  stm32f10x_rcc.o(.text)
    RCC_PLLCmd                               0x08001109   Thumb Code     6  stm32f10x_rcc.o(.text)
    RCC_SYSCLKConfig                         0x0800110f   Thumb Code    18  stm32f10x_rcc.o(.text)
    RCC_GetSYSCLKSource                      0x08001121   Thumb Code    10  stm32f10x_rcc.o(.text)
    RCC_HCLKConfig                           0x0800112b   Thumb Code    18  stm32f10x_rcc.o(.text)
    RCC_PCLK1Config                          0x0800113d   Thumb Code    18  stm32f10x_rcc.o(.text)
    RCC_PCLK2Config                          0x0800114f   Thumb Code    20  stm32f10x_rcc.o(.text)
    RCC_ITConfig                             0x08001163   Thumb Code    26  stm32f10x_rcc.o(.text)
    RCC_USBCLKConfig                         0x0800117d   Thumb Code     8  stm32f10x_rcc.o(.text)
    RCC_ADCCLKConfig                         0x08001185   Thumb Code    18  stm32f10x_rcc.o(.text)
    RCC_LSEConfig                            0x08001197   Thumb Code    50  stm32f10x_rcc.o(.text)
    RCC_LSICmd                               0x080011c9   Thumb Code     6  stm32f10x_rcc.o(.text)
    RCC_RTCCLKConfig                         0x080011cf   Thumb Code    12  stm32f10x_rcc.o(.text)
    RCC_RTCCLKCmd                            0x080011db   Thumb Code     8  stm32f10x_rcc.o(.text)
    RCC_GetClocksFreq                        0x080011e3   Thumb Code   192  stm32f10x_rcc.o(.text)
    RCC_AHBPeriphClockCmd                    0x080012a3   Thumb Code    26  stm32f10x_rcc.o(.text)
    RCC_APB2PeriphClockCmd                   0x080012bd   Thumb Code    26  stm32f10x_rcc.o(.text)
    RCC_APB1PeriphClockCmd                   0x080012d7   Thumb Code    26  stm32f10x_rcc.o(.text)
    RCC_APB2PeriphResetCmd                   0x080012f1   Thumb Code    26  stm32f10x_rcc.o(.text)
    RCC_APB1PeriphResetCmd                   0x0800130b   Thumb Code    26  stm32f10x_rcc.o(.text)
    RCC_BackupResetCmd                       0x08001325   Thumb Code     8  stm32f10x_rcc.o(.text)
    RCC_ClockSecuritySystemCmd               0x0800132d   Thumb Code     6  stm32f10x_rcc.o(.text)
    RCC_MCOConfig                            0x08001333   Thumb Code     6  stm32f10x_rcc.o(.text)
    RCC_ClearFlag                            0x08001339   Thumb Code    14  stm32f10x_rcc.o(.text)
    RCC_GetITStatus                          0x08001347   Thumb Code    20  stm32f10x_rcc.o(.text)
    RCC_ClearITPendingBit                    0x0800135b   Thumb Code     6  stm32f10x_rcc.o(.text)
    TIM_DeInit                               0x08001385   Thumb Code   424  stm32f10x_tim.o(.text)
    TIM_TimeBaseInit                         0x0800152d   Thumb Code   122  stm32f10x_tim.o(.text)
    TIM_OC1Init                              0x080015a7   Thumb Code   132  stm32f10x_tim.o(.text)
    TIM_OC2Init                              0x0800162b   Thumb Code   154  stm32f10x_tim.o(.text)
    TIM_OC3Init                              0x080016c5   Thumb Code   150  stm32f10x_tim.o(.text)
    TIM_OC4Init                              0x0800175b   Thumb Code   182  stm32f10x_tim.o(.text)
    TIM_SetIC4Prescaler                      0x08001811   Thumb Code    26  stm32f10x_tim.o(.text)
    TIM_SetIC3Prescaler                      0x080018ad   Thumb Code    18  stm32f10x_tim.o(.text)
    TIM_SetIC2Prescaler                      0x08001939   Thumb Code    26  stm32f10x_tim.o(.text)
    TIM_SetIC1Prescaler                      0x080019d5   Thumb Code    18  stm32f10x_tim.o(.text)
    TIM_ICInit                               0x08001a53   Thumb Code   150  stm32f10x_tim.o(.text)
    TIM_PWMIConfig                           0x08001ae9   Thumb Code   124  stm32f10x_tim.o(.text)
    TIM_BDTRConfig                           0x08001b65   Thumb Code    32  stm32f10x_tim.o(.text)
    TIM_TimeBaseStructInit                   0x08001b85   Thumb Code    18  stm32f10x_tim.o(.text)
    TIM_OCStructInit                         0x08001b97   Thumb Code    20  stm32f10x_tim.o(.text)
    TIM_ICStructInit                         0x08001bab   Thumb Code    18  stm32f10x_tim.o(.text)
    TIM_BDTRStructInit                       0x08001bbd   Thumb Code    40  stm32f10x_tim.o(.text)
    TIM_Cmd                                  0x08001be5   Thumb Code    24  stm32f10x_tim.o(.text)
    TIM_CtrlPWMOutputs                       0x08001bfd   Thumb Code    30  stm32f10x_tim.o(.text)
    TIM_ITConfig                             0x08001c1b   Thumb Code    18  stm32f10x_tim.o(.text)
    TIM_GenerateEvent                        0x08001c2d   Thumb Code     4  stm32f10x_tim.o(.text)
    TIM_DMAConfig                            0x08001c31   Thumb Code    10  stm32f10x_tim.o(.text)
    TIM_DMACmd                               0x08001c3b   Thumb Code    18  stm32f10x_tim.o(.text)
    TIM_InternalClockConfig                  0x08001c4d   Thumb Code    12  stm32f10x_tim.o(.text)
    TIM_SelectInputTrigger                   0x08001c59   Thumb Code    18  stm32f10x_tim.o(.text)
    TIM_ITRxExternalClockConfig              0x08001c6b   Thumb Code    24  stm32f10x_tim.o(.text)
    TIM_TIxExternalClockConfig               0x08001c83   Thumb Code    62  stm32f10x_tim.o(.text)
    TIM_ETRConfig                            0x08001cc1   Thumb Code    28  stm32f10x_tim.o(.text)
    TIM_ETRClockMode1Config                  0x08001cdd   Thumb Code    54  stm32f10x_tim.o(.text)
    TIM_ETRClockMode2Config                  0x08001d13   Thumb Code    32  stm32f10x_tim.o(.text)
    TIM_PrescalerConfig                      0x08001d33   Thumb Code     6  stm32f10x_tim.o(.text)
    TIM_CounterModeConfig                    0x08001d39   Thumb Code    18  stm32f10x_tim.o(.text)
    TIM_EncoderInterfaceConfig               0x08001d4b   Thumb Code    66  stm32f10x_tim.o(.text)
    TIM_ForcedOC1Config                      0x08001d8d   Thumb Code    18  stm32f10x_tim.o(.text)
    TIM_ForcedOC2Config                      0x08001d9f   Thumb Code    26  stm32f10x_tim.o(.text)
    TIM_ForcedOC3Config                      0x08001db9   Thumb Code    18  stm32f10x_tim.o(.text)
    TIM_ForcedOC4Config                      0x08001dcb   Thumb Code    26  stm32f10x_tim.o(.text)
    TIM_ARRPreloadConfig                     0x08001de5   Thumb Code    24  stm32f10x_tim.o(.text)
    TIM_SelectCOM                            0x08001dfd   Thumb Code    24  stm32f10x_tim.o(.text)
    TIM_SelectCCDMA                          0x08001e15   Thumb Code    24  stm32f10x_tim.o(.text)
    TIM_CCPreloadControl                     0x08001e2d   Thumb Code    24  stm32f10x_tim.o(.text)
    TIM_OC1PreloadConfig                     0x08001e45   Thumb Code    18  stm32f10x_tim.o(.text)
    TIM_OC2PreloadConfig                     0x08001e57   Thumb Code    26  stm32f10x_tim.o(.text)
    TIM_OC3PreloadConfig                     0x08001e71   Thumb Code    18  stm32f10x_tim.o(.text)
    TIM_OC4PreloadConfig                     0x08001e83   Thumb Code    26  stm32f10x_tim.o(.text)
    TIM_OC1FastConfig                        0x08001e9d   Thumb Code    18  stm32f10x_tim.o(.text)
    TIM_OC2FastConfig                        0x08001eaf   Thumb Code    26  stm32f10x_tim.o(.text)
    TIM_OC3FastConfig                        0x08001ec9   Thumb Code    18  stm32f10x_tim.o(.text)
    TIM_OC4FastConfig                        0x08001edb   Thumb Code    26  stm32f10x_tim.o(.text)
    TIM_ClearOC1Ref                          0x08001ef5   Thumb Code    18  stm32f10x_tim.o(.text)
    TIM_ClearOC2Ref                          0x08001f07   Thumb Code    24  stm32f10x_tim.o(.text)
    TIM_ClearOC3Ref                          0x08001f1f   Thumb Code    18  stm32f10x_tim.o(.text)
    TIM_ClearOC4Ref                          0x08001f31   Thumb Code    24  stm32f10x_tim.o(.text)
    TIM_OC1PolarityConfig                    0x08001f49   Thumb Code    18  stm32f10x_tim.o(.text)
    TIM_OC1NPolarityConfig                   0x08001f5b   Thumb Code    18  stm32f10x_tim.o(.text)
    TIM_OC2PolarityConfig                    0x08001f6d   Thumb Code    26  stm32f10x_tim.o(.text)
    TIM_OC2NPolarityConfig                   0x08001f87   Thumb Code    26  stm32f10x_tim.o(.text)
    TIM_OC3PolarityConfig                    0x08001fa1   Thumb Code    26  stm32f10x_tim.o(.text)
    TIM_OC3NPolarityConfig                   0x08001fbb   Thumb Code    26  stm32f10x_tim.o(.text)
    TIM_OC4PolarityConfig                    0x08001fd5   Thumb Code    26  stm32f10x_tim.o(.text)
    TIM_CCxCmd                               0x08001fef   Thumb Code    30  stm32f10x_tim.o(.text)
    TIM_CCxNCmd                              0x0800200d   Thumb Code    30  stm32f10x_tim.o(.text)
    TIM_SelectOCxM                           0x0800202b   Thumb Code    82  stm32f10x_tim.o(.text)
    TIM_UpdateDisableConfig                  0x0800207d   Thumb Code    24  stm32f10x_tim.o(.text)
    TIM_UpdateRequestConfig                  0x08002095   Thumb Code    24  stm32f10x_tim.o(.text)
    TIM_SelectHallSensor                     0x080020ad   Thumb Code    24  stm32f10x_tim.o(.text)
    TIM_SelectOnePulseMode                   0x080020c5   Thumb Code    18  stm32f10x_tim.o(.text)
    TIM_SelectOutputTrigger                  0x080020d7   Thumb Code    18  stm32f10x_tim.o(.text)
    TIM_SelectSlaveMode                      0x080020e9   Thumb Code    18  stm32f10x_tim.o(.text)
    TIM_SelectMasterSlaveMode                0x080020fb   Thumb Code    18  stm32f10x_tim.o(.text)
    TIM_SetCounter                           0x0800210d   Thumb Code     4  stm32f10x_tim.o(.text)
    TIM_SetAutoreload                        0x08002111   Thumb Code     4  stm32f10x_tim.o(.text)
    TIM_SetCompare1                          0x08002115   Thumb Code     4  stm32f10x_tim.o(.text)
    TIM_SetCompare2                          0x08002119   Thumb Code     4  stm32f10x_tim.o(.text)
    TIM_SetCompare3                          0x0800211d   Thumb Code     4  stm32f10x_tim.o(.text)
    TIM_SetCompare4                          0x08002121   Thumb Code     6  stm32f10x_tim.o(.text)
    TIM_SetClockDivision                     0x08002127   Thumb Code    18  stm32f10x_tim.o(.text)
    TIM_GetCapture1                          0x08002139   Thumb Code     6  stm32f10x_tim.o(.text)
    TIM_GetCapture2                          0x0800213f   Thumb Code     6  stm32f10x_tim.o(.text)
    TIM_GetCapture3                          0x08002145   Thumb Code     6  stm32f10x_tim.o(.text)
    TIM_GetCapture4                          0x0800214b   Thumb Code     8  stm32f10x_tim.o(.text)
    TIM_GetCounter                           0x08002153   Thumb Code     6  stm32f10x_tim.o(.text)
    TIM_GetPrescaler                         0x08002159   Thumb Code     6  stm32f10x_tim.o(.text)
    TIM_GetFlagStatus                        0x0800215f   Thumb Code    18  stm32f10x_tim.o(.text)
    TIM_ClearFlag                            0x08002171   Thumb Code     6  stm32f10x_tim.o(.text)
    TIM_GetITStatus                          0x08002177   Thumb Code    34  stm32f10x_tim.o(.text)
    TIM_ClearITPendingBit                    0x08002199   Thumb Code     6  stm32f10x_tim.o(.text)
    USART_DeInit                             0x080021a1   Thumb Code   134  stm32f10x_usart.o(.text)
    USART_Init                               0x08002227   Thumb Code   210  stm32f10x_usart.o(.text)
    USART_StructInit                         0x080022f9   Thumb Code    24  stm32f10x_usart.o(.text)
    USART_ClockInit                          0x08002311   Thumb Code    34  stm32f10x_usart.o(.text)
    USART_ClockStructInit                    0x08002333   Thumb Code    12  stm32f10x_usart.o(.text)
    USART_Cmd                                0x0800233f   Thumb Code    24  stm32f10x_usart.o(.text)
    USART_ITConfig                           0x08002357   Thumb Code    74  stm32f10x_usart.o(.text)
    USART_DMACmd                             0x080023a1   Thumb Code    18  stm32f10x_usart.o(.text)
    USART_SetAddress                         0x080023b3   Thumb Code    18  stm32f10x_usart.o(.text)
    USART_WakeUpConfig                       0x080023c5   Thumb Code    18  stm32f10x_usart.o(.text)
    USART_ReceiverWakeUpCmd                  0x080023d7   Thumb Code    24  stm32f10x_usart.o(.text)
    USART_LINBreakDetectLengthConfig         0x080023ef   Thumb Code    18  stm32f10x_usart.o(.text)
    USART_LINCmd                             0x08002401   Thumb Code    24  stm32f10x_usart.o(.text)
    USART_SendData                           0x08002419   Thumb Code     8  stm32f10x_usart.o(.text)
    USART_ReceiveData                        0x08002421   Thumb Code    10  stm32f10x_usart.o(.text)
    USART_SendBreak                          0x0800242b   Thumb Code    10  stm32f10x_usart.o(.text)
    USART_SetGuardTime                       0x08002435   Thumb Code    16  stm32f10x_usart.o(.text)
    USART_SetPrescaler                       0x08002445   Thumb Code    16  stm32f10x_usart.o(.text)
    USART_SmartCardCmd                       0x08002455   Thumb Code    24  stm32f10x_usart.o(.text)
    USART_SmartCardNACKCmd                   0x0800246d   Thumb Code    24  stm32f10x_usart.o(.text)
    USART_HalfDuplexCmd                      0x08002485   Thumb Code    24  stm32f10x_usart.o(.text)
    USART_OverSampling8Cmd                   0x0800249d   Thumb Code    22  stm32f10x_usart.o(.text)
    USART_OneBitMethodCmd                    0x080024b3   Thumb Code    24  stm32f10x_usart.o(.text)
    USART_IrDAConfig                         0x080024cb   Thumb Code    18  stm32f10x_usart.o(.text)
    USART_IrDACmd                            0x080024dd   Thumb Code    24  stm32f10x_usart.o(.text)
    USART_GetFlagStatus                      0x080024f5   Thumb Code    26  stm32f10x_usart.o(.text)
    USART_ClearFlag                          0x0800250f   Thumb Code    18  stm32f10x_usart.o(.text)
    USART_GetITStatus                        0x08002521   Thumb Code    84  stm32f10x_usart.o(.text)
    USART_ClearITPendingBit                  0x08002575   Thumb Code    52  stm32f10x_usart.o(.text)
    delay_init                               0x080025a9   Thumb Code    50  delay.o(.text)
    delay_us                                 0x080025db   Thumb Code    72  delay.o(.text)
    delay_ms                                 0x08002623   Thumb Code    72  delay.o(.text)
    MY_NVIC_SetVectorTable                   0x0800267d   Thumb Code    12  sys.o(.text)
    MY_NVIC_PriorityGroupConfig              0x08002689   Thumb Code    36  sys.o(.text)
    MY_NVIC_Init                             0x080026ad   Thumb Code   116  sys.o(.text)
    Ex_NVIC_Config                           0x08002721   Thumb Code   146  sys.o(.text)
    MYRCC_DeInit                             0x080027b3   Thumb Code    90  sys.o(.text)
    Sys_Standby                              0x0800280d   Thumb Code    68  sys.o(.text)
    Sys_Soft_Reset                           0x08002851   Thumb Code    12  sys.o(.text)
    JTAG_Set                                 0x0800285d   Thumb Code    42  sys.o(.text)
    Stm32_Clock_Init                         0x08002887   Thumb Code   134  sys.o(.text)
    _sys_exit                                0x08002939   Thumb Code     6  usart.o(.text)
    fputc                                    0x0800293f   Thumb Code    54  usart.o(.text)
    uart_init                                0x08002975   Thumb Code   124  usart.o(.text)
    LED_Init                                 0x08002a01   Thumb Code    36  led.o(.text)
    Led_Flash                                0x08002a25   Thumb Code    44  led.o(.text)
    KEY_Init                                 0x08002a61   Thumb Code   120  key.o(.text)
    click_N_Double                           0x08002ad9   Thumb Code   184  key.o(.text)
    click                                    0x08002b91   Thumb Code    38  key.o(.text)
    Long_Press                               0x08002bb7   Thumb Code    72  key.o(.text)
    OLED_WR_Byte                             0x08002c2d   Thumb Code    78  oled.o(.text)
    OLED_Refresh_Gram                        0x08002c7b   Thumb Code    70  oled.o(.text)
    OLED_Display_On                          0x08002cc1   Thumb Code    28  oled.o(.text)
    OLED_Display_Off                         0x08002cdd   Thumb Code    28  oled.o(.text)
    OLED_Clear                               0x08002cf9   Thumb Code    42  oled.o(.text)
    OLED_DrawPoint                           0x08002d23   Thumb Code   100  oled.o(.text)
    OLED_ShowChar                            0x08002d87   Thumb Code   158  oled.o(.text)
    oled_pow                                 0x08002e25   Thumb Code    22  oled.o(.text)
    OLED_ShowNumber                          0x08002e3b   Thumb Code   148  oled.o(.text)
    OLED_ShowString                          0x08002ecf   Thumb Code    68  oled.o(.text)
    OLED_Init                                0x08002f13   Thumb Code   360  oled.o(.text)
    Adc_Init                                 0x0800307d   Thumb Code   132  adc.o(.text)
    Get_Adc                                  0x08003101   Thumb Code    46  adc.o(.text)
    Get_battery_volt                         0x0800312f   Thumb Code    78  adc.o(.text)
    MiniBalance_Motor_Init                   0x08003195   Thumb Code    40  motor.o(.text)
    MiniBalance_PWM_Init                     0x080031bd   Thumb Code   164  motor.o(.text)
    Encoder_Init_TIM2                        0x0800326d   Thumb Code   154  encoder.o(.text)
    Encoder_Init_TIM4                        0x08003307   Thumb Code   148  encoder.o(.text)
    Read_Encoder                             0x0800339b   Thumb Code    74  encoder.o(.text)
    TIM4_IRQHandler                          0x080033e5   Thumb Code    24  encoder.o(.text)
    TIM2_IRQHandler                          0x080033fd   Thumb Code    24  encoder.o(.text)
    IIC_Init                                 0x08003425   Thumb Code    40  ioi2c.o(.text)
    IIC_Start                                0x0800344d   Thumb Code    96  ioi2c.o(.text)
    IIC_Stop                                 0x080034ad   Thumb Code    68  ioi2c.o(.text)
    IIC_Wait_Ack                             0x080034f1   Thumb Code    96  ioi2c.o(.text)
    IIC_Ack                                  0x08003551   Thumb Code    72  ioi2c.o(.text)
    IIC_NAck                                 0x08003599   Thumb Code    70  ioi2c.o(.text)
    IIC_Send_Byte                            0x080035df   Thumb Code    94  ioi2c.o(.text)
    i2cWrite                                 0x0800363d   Thumb Code    96  ioi2c.o(.text)
    IIC_Read_Byte                            0x0800369d   Thumb Code   104  ioi2c.o(.text)
    i2cRead                                  0x08003705   Thumb Code   118  ioi2c.o(.text)
    I2C_ReadOneByte                          0x0800377b   Thumb Code    70  ioi2c.o(.text)
    IICreadBytes                             0x080037c1   Thumb Code   112  ioi2c.o(.text)
    IICwriteBytes                            0x08003831   Thumb Code    70  ioi2c.o(.text)
    IICreadByte                              0x08003877   Thumb Code    22  ioi2c.o(.text)
    IICwriteByte                             0x0800388d   Thumb Code    20  ioi2c.o(.text)
    IICwriteBits                             0x080038a1   Thumb Code   106  ioi2c.o(.text)
    IICwriteBit                              0x0800390b   Thumb Code    64  ioi2c.o(.text)
    uart3_init                               0x0800394d   Thumb Code   158  usart3.o(.text)
    USART3_IRQHandler                        0x080039eb   Thumb Code   470  usart3.o(.text)
    MiniBalance_EXTI_Init                    0x08003c19   Thumb Code   108  exti.o(.text)
    myabs                                    0x08003c89   Thumb Code    14  control.o(.text)
    Set_Pwm                                  0x08003c97   Thumb Code   102  control.o(.text)
    speed_control_right                      0x08003cfd   Thumb Code   130  control.o(.text)
    speed_control_left                       0x08003d7f   Thumb Code   130  control.o(.text)
    Turn_ways                                0x08003e01   Thumb Code    60  control.o(.text)
    Key                                      0x08003e3d   Thumb Code    58  control.o(.text)
    Get_Angle                                0x08003e77   Thumb Code   822  control.o(.text)
    EXTI15_10_IRQHandler                     0x080041ad   Thumb Code   290  control.o(.text)
    Position_control_left                    0x080042cf   Thumb Code   166  control.o(.text)
    Position_control_right                   0x08004375   Thumb Code   166  control.o(.text)
    Turn_Off                                 0x0800441b   Thumb Code    52  control.o(.text)
    Pick_Up                                  0x0800444f   Thumb Code   384  control.o(.text)
    Put_Down                                 0x080045cf   Thumb Code   118  control.o(.text)
    Choose                                   0x08004645   Thumb Code   152  control.o(.text)
    xunji_pid                                0x080046dd   Thumb Code   286  control.o(.text)
    oled_show                                0x08004855   Thumb Code   710  show.o(.text)
    APP_Show                                 0x08004b1b   Thumb Code   510  show.o(.text)
    DataScope                                0x08004d19   Thumb Code   112  show.o(.text)
    Float2Byte                               0x08004db1   Thumb Code    28  datascope_dp.o(.text)
    DataScope_Get_Channel_Data               0x08004dcd   Thumb Code   158  datascope_dp.o(.text)
    DataScope_Data_Generate                  0x08004e6b   Thumb Code   148  datascope_dp.o(.text)
    Kalman_Filter_x                          0x08004f05   Thumb Code   558  filter.o(.text)
    Complementary_Filter_x                   0x08005133   Thumb Code    82  filter.o(.text)
    Kalman_Filter_y                          0x08005185   Thumb Code   680  filter.o(.text)
    Complementary_Filter_y                   0x0800542d   Thumb Code    82  filter.o(.text)
    mpu_reg_dump                             0x0800553b   Thumb Code    72  inv_mpu.o(.text)
    mpu_read_reg                             0x08005583   Thumb Code    66  inv_mpu.o(.text)
    mpu_set_int_latched                      0x080055c5   Thumb Code   102  inv_mpu.o(.text)
    mpu_set_sensors                          0x0800562b   Thumb Code   202  inv_mpu.o(.text)
    mpu_set_bypass                           0x080056f5   Thumb Code   328  inv_mpu.o(.text)
    mpu_reset_fifo                           0x0800583d   Thumb Code   444  inv_mpu.o(.text)
    mpu_configure_fifo                       0x080059f9   Thumb Code   106  inv_mpu.o(.text)
    mpu_set_lpf                              0x08005a63   Thumb Code   126  inv_mpu.o(.text)
    mpu_lp_accel_mode                        0x08005ae1   Thumb Code   218  inv_mpu.o(.text)
    mpu_set_sample_rate                      0x08005bbb   Thumb Code   152  inv_mpu.o(.text)
    mpu_set_accel_fsr                        0x08005c53   Thumb Code   132  inv_mpu.o(.text)
    mpu_set_gyro_fsr                         0x08005cd7   Thumb Code   132  inv_mpu.o(.text)
    mpu_init                                 0x08005d5b   Thumb Code   416  inv_mpu.o(.text)
    myget_ms                                 0x08005efb   Thumb Code     2  inv_mpu.o(.text)
    mpu_get_gyro_reg                         0x08005efd   Thumb Code   110  inv_mpu.o(.text)
    mpu_get_accel_reg                        0x08005f6b   Thumb Code   110  inv_mpu.o(.text)
    mpu_get_temperature                      0x08005fd9   Thumb Code   150  inv_mpu.o(.text)
    mpu_set_accel_bias                       0x0800606f   Thumb Code   468  inv_mpu.o(.text)
    mpu_get_gyro_fsr                         0x08006243   Thumb Code    64  inv_mpu.o(.text)
    mpu_get_accel_fsr                        0x08006283   Thumb Code    72  inv_mpu.o(.text)
    mpu_get_lpf                              0x080062cb   Thumb Code    74  inv_mpu.o(.text)
    mpu_get_sample_rate                      0x08006315   Thumb Code    26  inv_mpu.o(.text)
    mpu_get_compass_sample_rate              0x0800632f   Thumb Code    10  inv_mpu.o(.text)
    mpu_set_compass_sample_rate              0x08006339   Thumb Code     8  inv_mpu.o(.text)
    mpu_get_gyro_sens                        0x08006341   Thumb Code    58  inv_mpu.o(.text)
    mpu_get_accel_sens                       0x0800637b   Thumb Code    78  inv_mpu.o(.text)
    mpu_get_fifo_config                      0x080063c9   Thumb Code    12  inv_mpu.o(.text)
    mpu_get_power_state                      0x080063d5   Thumb Code    22  inv_mpu.o(.text)
    mpu_get_int_status                       0x080063eb   Thumb Code    64  inv_mpu.o(.text)
    mpu_read_fifo                            0x0800642b   Thumb Code   520  inv_mpu.o(.text)
    mpu_read_fifo_stream                     0x08006633   Thumb Code   186  inv_mpu.o(.text)
    mpu_set_int_level                        0x080066ed   Thumb Code    12  inv_mpu.o(.text)
    mpu_set_dmp_state                        0x08006dcd   Thumb Code   138  inv_mpu.o(.text)
    mpu_run_self_test                        0x08006e57   Thumb Code   278  inv_mpu.o(.text)
    mpu_write_mem                            0x08006f6d   Thumb Code   122  inv_mpu.o(.text)
    mpu_read_mem                             0x08006fe7   Thumb Code   122  inv_mpu.o(.text)
    mpu_load_firmware                        0x08007061   Thumb Code   190  inv_mpu.o(.text)
    mpu_get_dmp_state                        0x0800711f   Thumb Code    14  inv_mpu.o(.text)
    mpu_get_compass_reg                      0x0800712d   Thumb Code     8  inv_mpu.o(.text)
    mpu_get_compass_fsr                      0x08007135   Thumb Code     8  inv_mpu.o(.text)
    mpu_lp_motion_interrupt                  0x0800713d   Thumb Code   512  inv_mpu.o(.text)
    dmp_load_motion_driver_firmware          0x08007341   Thumb Code    20  inv_mpu_dmp_motion_driver.o(.text)
    dmp_set_orientation                      0x08007355   Thumb Code   290  inv_mpu_dmp_motion_driver.o(.text)
    dmp_set_gyro_bias                        0x08007477   Thumb Code   294  inv_mpu_dmp_motion_driver.o(.text)
    dmp_set_accel_bias                       0x0800759d   Thumb Code   300  inv_mpu_dmp_motion_driver.o(.text)
    dmp_set_fifo_rate                        0x080076c9   Thumb Code   136  inv_mpu_dmp_motion_driver.o(.text)
    dmp_get_fifo_rate                        0x08007751   Thumb Code    12  inv_mpu_dmp_motion_driver.o(.text)
    dmp_set_tap_thresh                       0x0800775d   Thumb Code   396  inv_mpu_dmp_motion_driver.o(.text)
    dmp_set_tap_axes                         0x080078e9   Thumb Code    70  inv_mpu_dmp_motion_driver.o(.text)
    dmp_set_tap_count                        0x0800792f   Thumb Code    38  inv_mpu_dmp_motion_driver.o(.text)
    dmp_set_tap_time                         0x08007955   Thumb Code    38  inv_mpu_dmp_motion_driver.o(.text)
    dmp_set_tap_time_multi                   0x0800797b   Thumb Code    38  inv_mpu_dmp_motion_driver.o(.text)
    dmp_set_shake_reject_thresh              0x080079a1   Thumb Code    56  inv_mpu_dmp_motion_driver.o(.text)
    dmp_set_shake_reject_time                0x080079d9   Thumb Code    38  inv_mpu_dmp_motion_driver.o(.text)
    dmp_set_shake_reject_timeout             0x080079ff   Thumb Code    38  inv_mpu_dmp_motion_driver.o(.text)
    dmp_get_pedometer_step_count             0x08007a25   Thumb Code    66  inv_mpu_dmp_motion_driver.o(.text)
    dmp_set_pedometer_step_count             0x08007a67   Thumb Code    42  inv_mpu_dmp_motion_driver.o(.text)
    dmp_get_pedometer_walk_time              0x08007a91   Thumb Code    72  inv_mpu_dmp_motion_driver.o(.text)
    dmp_set_pedometer_walk_time              0x08007ad9   Thumb Code    48  inv_mpu_dmp_motion_driver.o(.text)
    dmp_enable_6x_lp_quat                    0x08007b09   Thumb Code    84  inv_mpu_dmp_motion_driver.o(.text)
    dmp_enable_lp_quat                       0x08007b5d   Thumb Code    60  inv_mpu_dmp_motion_driver.o(.text)
    dmp_enable_gyro_cal                      0x08007b99   Thumb Code    62  inv_mpu_dmp_motion_driver.o(.text)
    dmp_enable_feature                       0x08007bd7   Thumb Code   530  inv_mpu_dmp_motion_driver.o(.text)
    dmp_get_enabled_features                 0x08007de9   Thumb Code    12  inv_mpu_dmp_motion_driver.o(.text)
    dmp_set_interrupt_mode                   0x08007e53   Thumb Code    66  inv_mpu_dmp_motion_driver.o(.text)
    dmp_read_fifo                            0x08007e95   Thumb Code   514  inv_mpu_dmp_motion_driver.o(.text)
    dmp_register_tap_cb                      0x08008097   Thumb Code    10  inv_mpu_dmp_motion_driver.o(.text)
    dmp_register_android_orient_cb           0x080080a1   Thumb Code    10  inv_mpu_dmp_motion_driver.o(.text)
    MPU6050_newValues                        0x080081b7   Thumb Code   494  mpu6050.o(.text)
    MPU6050_setClockSource                   0x080083a5   Thumb Code    20  mpu6050.o(.text)
    MPU6050_setFullScaleGyroRange            0x080083b9   Thumb Code    20  mpu6050.o(.text)
    MPU6050_setFullScaleAccelRange           0x080083cd   Thumb Code    20  mpu6050.o(.text)
    MPU6050_setSleepEnabled                  0x080083e1   Thumb Code    18  mpu6050.o(.text)
    MPU6050_getDeviceID                      0x080083f3   Thumb Code    20  mpu6050.o(.text)
    MPU6050_testConnection                   0x08008407   Thumb Code    18  mpu6050.o(.text)
    MPU6050_setI2CMasterModeEnabled          0x08008419   Thumb Code    18  mpu6050.o(.text)
    MPU6050_setI2CBypassEnabled              0x0800842b   Thumb Code    18  mpu6050.o(.text)
    MPU6050_initialize                       0x0800843d   Thumb Code    40  mpu6050.o(.text)
    DMP_Init                                 0x08008465   Thumb Code   206  mpu6050.o(.text)
    Read_DMP                                 0x08008533   Thumb Code   560  mpu6050.o(.text)
    Read_Temperature                         0x08008763   Thumb Code   514  mpu6050.o(.text)
    __use_no_semihosting                     0x08008965   Thumb Code     2  use_no_semi_2.o(.text)
    __aeabi_ldivmod                          0x08008967   Thumb Code     0  llsdiv.o(.text)
    _ll_sdiv                                 0x08008967   Thumb Code    72  llsdiv.o(.text)
    __2printf                                0x080089b1   Thumb Code    20  noretval__2printf.o(.text)
    __printf                                 0x080089c9   Thumb Code   104  __printf.o(.text)
    _printf_int_dec                          0x08008a31   Thumb Code   104  _printf_dec.o(.text)
    memcmp                                   0x08008aa9   Thumb Code    88  memcmp.o(.text)
    __aeabi_memset                           0x08008b01   Thumb Code    16  aeabi_memset.o(.text)
    __aeabi_memclr                           0x08008b11   Thumb Code     0  rt_memclr.o(.text)
    __rt_memclr                              0x08008b11   Thumb Code    68  rt_memclr.o(.text)
    _memset                                  0x08008b15   Thumb Code     0  rt_memclr.o(.text)
    __use_two_region_memory                  0x08008b55   Thumb Code     2  heapauxi.o(.text)
    __rt_heap_escrow$2region                 0x08008b57   Thumb Code     2  heapauxi.o(.text)
    __rt_heap_expand$2region                 0x08008b59   Thumb Code     2  heapauxi.o(.text)
    __I$use$semihosting                      0x08008b5b   Thumb Code     0  use_no_semi.o(.text)
    __use_no_semihosting_swi                 0x08008b5b   Thumb Code     2  use_no_semi.o(.text)
    __aeabi_uldivmod                         0x08008b5d   Thumb Code     0  lludivv7m.o(.text)
    _ll_udiv                                 0x08008b5d   Thumb Code   238  lludivv7m.o(.text)
    __read_errno                             0x08008c4b   Thumb Code    10  _rserrno.o(.text)
    __set_errno                              0x08008c55   Thumb Code    12  _rserrno.o(.text)
    _printf_int_common                       0x08008c61   Thumb Code   178  _printf_intcommon.o(.text)
    _printf_char_file                        0x08008d15   Thumb Code    32  _printf_char_file.o(.text)
    __aeabi_memclr4                          0x08008d39   Thumb Code     0  rt_memclr_w.o(.text)
    __aeabi_memclr8                          0x08008d39   Thumb Code     0  rt_memclr_w.o(.text)
    __rt_memclr_w                            0x08008d39   Thumb Code    78  rt_memclr_w.o(.text)
    _memset_w                                0x08008d3d   Thumb Code     0  rt_memclr_w.o(.text)
    __aeabi_errno_addr                       0x08008d89   Thumb Code     8  rt_errno_addr_intlibspace.o(.text)
    __errno$intlibspace                      0x08008d89   Thumb Code     0  rt_errno_addr_intlibspace.o(.text)
    __rt_errno_addr$intlibspace              0x08008d89   Thumb Code     0  rt_errno_addr_intlibspace.o(.text)
    _printf_char_common                      0x08008d9b   Thumb Code    32  _printf_char_common.o(.text)
    ferror                                   0x08008dc1   Thumb Code     8  ferror.o(.text)
    __user_libspace                          0x08008dc9   Thumb Code     8  libspace.o(.text)
    __user_perproc_libspace                  0x08008dc9   Thumb Code     0  libspace.o(.text)
    __user_perthread_libspace                0x08008dc9   Thumb Code     0  libspace.o(.text)
    __user_setup_stackheap                   0x08008dd1   Thumb Code    74  sys_stackheap_outer.o(.text)
    exit                                     0x08008e1b   Thumb Code    12  exit.o(.text)
    __ARM_fpclassify                         0x08008e27   Thumb Code    40  fpclassify.o(i.__ARM_fpclassify)
    __kernel_poly                            0x08008e4f   Thumb Code   170  poly.o(i.__kernel_poly)
    __mathlib_dbl_divzero                    0x08008ef9   Thumb Code    12  dunder.o(i.__mathlib_dbl_divzero)
    __mathlib_dbl_infnan                     0x08008f09   Thumb Code     6  dunder.o(i.__mathlib_dbl_infnan)
    __mathlib_dbl_infnan2                    0x08008f0f   Thumb Code     4  dunder.o(i.__mathlib_dbl_infnan2)
    __mathlib_dbl_invalid                    0x08008f13   Thumb Code    12  dunder.o(i.__mathlib_dbl_invalid)
    __mathlib_dbl_overflow                   0x08008f1f   Thumb Code    14  dunder.o(i.__mathlib_dbl_overflow)
    __mathlib_dbl_underflow                  0x08008f2d   Thumb Code    10  dunder.o(i.__mathlib_dbl_underflow)
    asin                                     0x08008f3d   Thumb Code   572  asin.o(i.asin)
    atan                                     0x080091ad   Thumb Code   474  atan.o(i.atan)
    atan2                                    0x080093cd   Thumb Code   346  atan2.o(i.atan2)
    pow                                      0x0800954d   Thumb Code  2478  pow.o(i.pow)
    sqrt                                     0x08009f05   Thumb Code    76  sqrt.o(i.sqrt)
    __aeabi_d2f                              0x08009f51   Thumb Code     0  d2f.o(x$fpl$d2f)
    _d2f                                     0x08009f51   Thumb Code    98  d2f.o(x$fpl$d2f)
    __aeabi_dadd                             0x08009fb5   Thumb Code     0  daddsub_clz.o(x$fpl$dadd)
    _dadd                                    0x08009fb5   Thumb Code   332  daddsub_clz.o(x$fpl$dadd)
    __fpl_dcheck_NaN1                        0x0800a105   Thumb Code    10  dcheck1.o(x$fpl$dcheck1)
    __fpl_dcmp_Inf                           0x0800a115   Thumb Code    24  dcmpi.o(x$fpl$dcmpinf)
    __aeabi_ddiv                             0x0800a12d   Thumb Code     0  ddiv.o(x$fpl$ddiv)
    _ddiv                                    0x0800a12d   Thumb Code   552  ddiv.o(x$fpl$ddiv)
    __aeabi_d2iz                             0x0800a3dd   Thumb Code     0  dfix.o(x$fpl$dfix)
    _dfix                                    0x0800a3dd   Thumb Code    94  dfix.o(x$fpl$dfix)
    __aeabi_i2d                              0x0800a43b   Thumb Code     0  dflt_clz.o(x$fpl$dflt)
    _dflt                                    0x0800a43b   Thumb Code    46  dflt_clz.o(x$fpl$dflt)
    __aeabi_ui2d                             0x0800a469   Thumb Code     0  dflt_clz.o(x$fpl$dfltu)
    _dfltu                                   0x0800a469   Thumb Code    38  dflt_clz.o(x$fpl$dfltu)
    __aeabi_cdcmple                          0x0800a491   Thumb Code     0  dleqf.o(x$fpl$dleqf)
    _dcmple                                  0x0800a491   Thumb Code   120  dleqf.o(x$fpl$dleqf)
    __fpl_dcmple_InfNaN                      0x0800a4f3   Thumb Code     0  dleqf.o(x$fpl$dleqf)
    __aeabi_dmul                             0x0800a509   Thumb Code     0  dmul.o(x$fpl$dmul)
    _dmul                                    0x0800a509   Thumb Code   332  dmul.o(x$fpl$dmul)
    __fpl_dnaninf                            0x0800a65d   Thumb Code   156  dnaninf.o(x$fpl$dnaninf)
    __fpl_dretinf                            0x0800a6f9   Thumb Code    12  dretinf.o(x$fpl$dretinf)
    __aeabi_cdrcmple                         0x0800a705   Thumb Code     0  drleqf.o(x$fpl$drleqf)
    _drcmple                                 0x0800a705   Thumb Code   108  drleqf.o(x$fpl$drleqf)
    __aeabi_drsub                            0x0800a771   Thumb Code     0  daddsub_clz.o(x$fpl$drsb)
    _drsb                                    0x0800a771   Thumb Code    22  daddsub_clz.o(x$fpl$drsb)
    _dsqrt                                   0x0800a789   Thumb Code   456  dsqrt_noumaal.o(x$fpl$dsqrt)
    __aeabi_dsub                             0x0800a955   Thumb Code     0  daddsub_clz.o(x$fpl$dsub)
    _dsub                                    0x0800a955   Thumb Code   464  daddsub_clz.o(x$fpl$dsub)
    __aeabi_f2d                              0x0800ab29   Thumb Code     0  f2d.o(x$fpl$f2d)
    _f2d                                     0x0800ab29   Thumb Code    86  f2d.o(x$fpl$f2d)
    __aeabi_fadd                             0x0800ab81   Thumb Code     0  faddsub_clz.o(x$fpl$fadd)
    _fadd                                    0x0800ab81   Thumb Code   196  faddsub_clz.o(x$fpl$fadd)
    __fpl_fcmp_Inf                           0x0800ac45   Thumb Code    24  fcmpi.o(x$fpl$fcmpinf)
    __aeabi_fdiv                             0x0800ac5d   Thumb Code     0  fdiv.o(x$fpl$fdiv)
    _fdiv                                    0x0800ac5d   Thumb Code   384  fdiv.o(x$fpl$fdiv)
    __aeabi_cfcmpeq                          0x0800ade1   Thumb Code     0  feqf.o(x$fpl$feqf)
    _fcmpeq                                  0x0800ade1   Thumb Code   104  feqf.o(x$fpl$feqf)
    __aeabi_f2iz                             0x0800ae49   Thumb Code     0  ffix.o(x$fpl$ffix)
    _ffix                                    0x0800ae49   Thumb Code    54  ffix.o(x$fpl$ffix)
    __aeabi_f2uiz                            0x0800ae81   Thumb Code     0  ffixu.o(x$fpl$ffixu)
    _ffixu                                   0x0800ae81   Thumb Code    62  ffixu.o(x$fpl$ffixu)
    __aeabi_i2f                              0x0800aec1   Thumb Code     0  fflt_clz.o(x$fpl$fflt)
    _fflt                                    0x0800aec1   Thumb Code    48  fflt_clz.o(x$fpl$fflt)
    __aeabi_ui2f                             0x0800aef1   Thumb Code     0  fflt_clz.o(x$fpl$ffltu)
    _ffltu                                   0x0800aef1   Thumb Code    38  fflt_clz.o(x$fpl$ffltu)
    __aeabi_cfcmple                          0x0800af19   Thumb Code     0  fleqf.o(x$fpl$fleqf)
    _fcmple                                  0x0800af19   Thumb Code   104  fleqf.o(x$fpl$fleqf)
    __fpl_fcmple_InfNaN                      0x0800af6b   Thumb Code     0  fleqf.o(x$fpl$fleqf)
    __aeabi_fmul                             0x0800af81   Thumb Code     0  fmul.o(x$fpl$fmul)
    _fmul                                    0x0800af81   Thumb Code   258  fmul.o(x$fpl$fmul)
    __fpl_fnaninf                            0x0800b083   Thumb Code   140  fnaninf.o(x$fpl$fnaninf)
    __fpl_fretinf                            0x0800b10f   Thumb Code    10  fretinf.o(x$fpl$fretinf)
    __aeabi_cfrcmple                         0x0800b119   Thumb Code     0  frleqf.o(x$fpl$frleqf)
    _frcmple                                 0x0800b119   Thumb Code    98  frleqf.o(x$fpl$frleqf)
    __aeabi_frsub                            0x0800b17b   Thumb Code     0  faddsub_clz.o(x$fpl$frsb)
    _frsb                                    0x0800b17b   Thumb Code    20  faddsub_clz.o(x$fpl$frsb)
    __aeabi_fsub                             0x0800b191   Thumb Code     0  faddsub_clz.o(x$fpl$fsub)
    _fsub                                    0x0800b191   Thumb Code   234  faddsub_clz.o(x$fpl$fsub)
    __fpl_return_NaN                         0x0800b27b   Thumb Code   100  retnan.o(x$fpl$retnan)
    __ARM_scalbn                             0x0800b2df   Thumb Code    92  scalbn.o(x$fpl$scalbn)
    __fpl_cmpreturn                          0x0800b33b   Thumb Code    48  trapv.o(x$fpl$trapveneer)
    __I$use$fp                               0x0800b36a   Number         0  usenofp.o(x$fpl$usenofp)
    oled_asc2_1206                           0x0800b36a   Data        1140  oled.o(.constdata)
    oled_asc2_1608                           0x0800b7de   Data        1520  oled.o(.constdata)
    hw                                       0x0800bdd0   Data          12  inv_mpu.o(.constdata)
    reg                                      0x0800bddc   Data          27  inv_mpu.o(.constdata)
    test                                     0x0800bdf8   Data          40  inv_mpu.o(.constdata)
    __mathlib_zero                           0x0800cb88   Data           8  qnan.o(.constdata)
    Region$$Table$$Base                      0x0800cbe0   Number         0  anon$$obj.o(Region$$Table)
    Region$$Table$$Limit                     0x0800cc00   Number         0  anon$$obj.o(Region$$Table)
    SystemCoreClock                          0x20000000   Data           4  system_stm32f10x.o(.data)
    AHBPrescTable                            0x20000004   Data          16  system_stm32f10x.o(.data)
    Way_Angle                                0x20000014   Data           1  minibalance.o(.data)
    Flag_front                               0x20000015   Data           1  minibalance.o(.data)
    Flag_back                                0x20000016   Data           1  minibalance.o(.data)
    Flag_Left                                0x20000017   Data           1  minibalance.o(.data)
    Flag_Right                               0x20000018   Data           1  minibalance.o(.data)
    Flag_velocity                            0x20000019   Data           1  minibalance.o(.data)
    Flag_Stop                                0x2000001a   Data           1  minibalance.o(.data)
    Flag_Show                                0x2000001b   Data           1  minibalance.o(.data)
    turn_ways                                0x2000001c   Data           1  minibalance.o(.data)
    Motor_Left                               0x20000020   Data           4  minibalance.o(.data)
    Motor_Right                              0x20000024   Data           4  minibalance.o(.data)
    Temperature                              0x20000028   Data           4  minibalance.o(.data)
    xunji_error                              0x2000002c   Data           4  minibalance.o(.data)
    Voltage                                  0x20000030   Data           4  minibalance.o(.data)
    Angle_Balance                            0x20000034   Data           4  minibalance.o(.data)
    Gyro_Balance                             0x20000038   Data           4  minibalance.o(.data)
    Gyro_Turn                                0x2000003c   Data           4  minibalance.o(.data)
    Distance                                 0x20000040   Data           4  minibalance.o(.data)
    delay_50                                 0x20000044   Data           1  minibalance.o(.data)
    delay_flag                               0x20000045   Data           1  minibalance.o(.data)
    PID_Send                                 0x20000046   Data           1  minibalance.o(.data)
    Flag_follow                              0x20000047   Data           1  minibalance.o(.data)
    Flag_avoid                               0x20000048   Data           1  minibalance.o(.data)
    Acceleration_Z                           0x2000004c   Data           4  minibalance.o(.data)
    Balance_Kp                               0x20000050   Data           4  minibalance.o(.data)
    Balance_Kd                               0x20000054   Data           4  minibalance.o(.data)
    Velocity_Kp                              0x20000058   Data           4  minibalance.o(.data)
    Velocity_Ki                              0x2000005c   Data           4  minibalance.o(.data)
    Turn_Kp                                  0x20000060   Data           4  minibalance.o(.data)
    Turn_Kd                                  0x20000064   Data           4  minibalance.o(.data)
    __stdout                                 0x20000080   Data           4  usart.o(.data)
    Usart3_Receive                           0x20000098   Data           1  usart3.o(.data)
    velocity1                                0x200000a8   Data           4  control.o(.data)
    velocity2                                0x200000ac   Data           4  control.o(.data)
    pid_speed                                0x200000b0   Data          12  control.o(.data)
    pid_Position                             0x200000bc   Data          12  control.o(.data)
    pid_Yaw_turn                             0x200000c8   Data          12  control.o(.data)
    pid_Yaw                                  0x200000d4   Data          12  control.o(.data)
    pid_gyro_turn                            0x200000e0   Data          12  control.o(.data)
    pid_xunji_turn                           0x200000ec   Data          12  control.o(.data)
    dusu                                     0x200000f8   Data           4  control.o(.data)
    Left_speed                               0x200000fc   Data           4  control.o(.data)
    right_speed                              0x20000100   Data           4  control.o(.data)
    Turn_Pwm                                 0x20000104   Data           4  control.o(.data)
    Encoder_Left                             0x20000108   Data           4  control.o(.data)
    Encoder_Right                            0x2000010c   Data           4  control.o(.data)
    Position_Left                            0x20000110   Data           4  control.o(.data)
    Position_Right                           0x20000114   Data           4  control.o(.data)
    turn                                     0x20000118   Data           4  control.o(.data)
    medicine_flag                            0x2000011c   Data           4  control.o(.data)
    turn_cnt                                 0x20000120   Data           4  control.o(.data)
    turnleft_90                              0x20000124   Data           4  control.o(.data)
    turnright_90                             0x20000128   Data           4  control.o(.data)
    turnleft_180                             0x2000012c   Data           4  control.o(.data)
    turnleft90_flag                          0x20000130   Data           4  control.o(.data)
    turnright90_flag                         0x20000134   Data           4  control.o(.data)
    turnleft180_flag                         0x20000138   Data           4  control.o(.data)
    xunji                                    0x2000013c   Data           4  control.o(.data)
    stop_cnt                                 0x20000140   Data           4  control.o(.data)
    stopflag                                 0x20000144   Data           4  control.o(.data)
    Velocity_Left                            0x200001b8   Data           4  show.o(.data)
    Velocity_Right                           0x200001bc   Data           4  show.o(.data)
    dt                                       0x200001c4   Data           4  filter.o(.data)
    gyro                                     0x20000274   Data           6  mpu6050.o(.data)
    accel                                    0x2000027a   Data           6  mpu6050.o(.data)
    sensors                                  0x20000280   Data           2  mpu6050.o(.data)
    Roll                                     0x20000284   Data           4  mpu6050.o(.data)
    Pitch                                    0x20000288   Data           4  mpu6050.o(.data)
    Yaw                                      0x2000028c   Data           4  mpu6050.o(.data)
    q0                                       0x20000290   Data           4  mpu6050.o(.data)
    q1                                       0x20000294   Data           4  mpu6050.o(.data)
    q2                                       0x20000298   Data           4  mpu6050.o(.data)
    q3                                       0x2000029c   Data           4  mpu6050.o(.data)
    Gx_offset                                0x200002aa   Data           2  mpu6050.o(.data)
    Gy_offset                                0x200002ac   Data           2  mpu6050.o(.data)
    Gz_offset                                0x200002ae   Data           2  mpu6050.o(.data)
    OLED_GRAM                                0x200002b0   Data        1024  oled.o(.bss)
    DataScope_OutPut_Buffer                  0x200006e2   Data          42  datascope_dp.o(.bss)
    buffer                                   0x2000073c   Data          14  mpu6050.o(.bss)
    MPU6050_FIFO                             0x2000074a   Data         132  mpu6050.o(.bss)
    __libspace_start                         0x200007d0   Data          96  libspace.o(.bss)
    __temporary_stack_top$libspace           0x20000830   Data           0  libspace.o(.bss)



==============================================================================

Memory Map of the image

  Image Entry point : 0x080000ed

  Load Region LR_IROM1 (Base: 0x08000000, Size: 0x0000ceb0, Max: 0x00010000, ABSOLUTE, COMPRESSED[0x0000cc7c])

    Execution Region ER_IROM1 (Exec base: 0x08000000, Load base: 0x08000000, Size: 0x0000cc00, Max: 0x00010000, ABSOLUTE)

    Exec Addr    Load Addr    Size         Type   Attr      Idx    E Section Name        Object

    0x08000000   0x08000000   0x000000ec   Data   RO          234    RESET               startup_stm32f10x_md.o
    0x080000ec   0x080000ec   0x00000008   Code   RO          908  * !!!main             c_w.l(__main.o)
    0x080000f4   0x080000f4   0x00000034   Code   RO         1248    !!!scatter          c_w.l(__scatter.o)
    0x08000128   0x08000128   0x0000005a   Code   RO         1246    !!dczerorl2         c_w.l(__dczerorl2.o)
    0x08000182   0x08000182   0x00000002   PAD
    0x08000184   0x08000184   0x0000001c   Code   RO         1250    !!handler_zi        c_w.l(__scatter_zi.o)
    0x080001a0   0x080001a0   0x00000000   Code   RO          899    .ARM.Collect$$_printf_percent$$00000000  c_w.l(_printf_percent.o)
    0x080001a0   0x080001a0   0x00000006   Code   RO          898    .ARM.Collect$$_printf_percent$$00000009  c_w.l(_printf_d.o)
    0x080001a6   0x080001a6   0x00000004   Code   RO         1007    .ARM.Collect$$_printf_percent$$00000017  c_w.l(_printf_percent_end.o)
    0x080001aa   0x080001aa   0x00000002   Code   RO         1114    .ARM.Collect$$libinit$$00000000  c_w.l(libinit.o)
    0x080001ac   0x080001ac   0x00000000   Code   RO         1126    .ARM.Collect$$libinit$$00000002  c_w.l(libinit2.o)
    0x080001ac   0x080001ac   0x00000000   Code   RO         1128    .ARM.Collect$$libinit$$00000004  c_w.l(libinit2.o)
    0x080001ac   0x080001ac   0x00000000   Code   RO         1131    .ARM.Collect$$libinit$$0000000A  c_w.l(libinit2.o)
    0x080001ac   0x080001ac   0x00000000   Code   RO         1133    .ARM.Collect$$libinit$$0000000C  c_w.l(libinit2.o)
    0x080001ac   0x080001ac   0x00000000   Code   RO         1135    .ARM.Collect$$libinit$$0000000E  c_w.l(libinit2.o)
    0x080001ac   0x080001ac   0x00000000   Code   RO         1138    .ARM.Collect$$libinit$$00000011  c_w.l(libinit2.o)
    0x080001ac   0x080001ac   0x00000000   Code   RO         1140    .ARM.Collect$$libinit$$00000013  c_w.l(libinit2.o)
    0x080001ac   0x080001ac   0x00000000   Code   RO         1142    .ARM.Collect$$libinit$$00000015  c_w.l(libinit2.o)
    0x080001ac   0x080001ac   0x00000000   Code   RO         1144    .ARM.Collect$$libinit$$00000017  c_w.l(libinit2.o)
    0x080001ac   0x080001ac   0x00000000   Code   RO         1146    .ARM.Collect$$libinit$$00000019  c_w.l(libinit2.o)
    0x080001ac   0x080001ac   0x00000000   Code   RO         1148    .ARM.Collect$$libinit$$0000001B  c_w.l(libinit2.o)
    0x080001ac   0x080001ac   0x00000000   Code   RO         1150    .ARM.Collect$$libinit$$0000001D  c_w.l(libinit2.o)
    0x080001ac   0x080001ac   0x00000000   Code   RO         1152    .ARM.Collect$$libinit$$0000001F  c_w.l(libinit2.o)
    0x080001ac   0x080001ac   0x00000000   Code   RO         1154    .ARM.Collect$$libinit$$00000021  c_w.l(libinit2.o)
    0x080001ac   0x080001ac   0x00000000   Code   RO         1156    .ARM.Collect$$libinit$$00000023  c_w.l(libinit2.o)
    0x080001ac   0x080001ac   0x00000000   Code   RO         1158    .ARM.Collect$$libinit$$00000025  c_w.l(libinit2.o)
    0x080001ac   0x080001ac   0x00000000   Code   RO         1162    .ARM.Collect$$libinit$$0000002C  c_w.l(libinit2.o)
    0x080001ac   0x080001ac   0x00000000   Code   RO         1164    .ARM.Collect$$libinit$$0000002E  c_w.l(libinit2.o)
    0x080001ac   0x080001ac   0x00000000   Code   RO         1166    .ARM.Collect$$libinit$$00000030  c_w.l(libinit2.o)
    0x080001ac   0x080001ac   0x00000000   Code   RO         1168    .ARM.Collect$$libinit$$00000032  c_w.l(libinit2.o)
    0x080001ac   0x080001ac   0x00000002   Code   RO         1169    .ARM.Collect$$libinit$$00000033  c_w.l(libinit2.o)
    0x080001ae   0x080001ae   0x00000002   Code   RO         1199    .ARM.Collect$$libshutdown$$00000000  c_w.l(libshutdown.o)
    0x080001b0   0x080001b0   0x00000000   Code   RO         1214    .ARM.Collect$$libshutdown$$00000003  c_w.l(libshutdown2.o)
    0x080001b0   0x080001b0   0x00000000   Code   RO         1217    .ARM.Collect$$libshutdown$$00000006  c_w.l(libshutdown2.o)
    0x080001b0   0x080001b0   0x00000000   Code   RO         1220    .ARM.Collect$$libshutdown$$00000009  c_w.l(libshutdown2.o)
    0x080001b0   0x080001b0   0x00000000   Code   RO         1222    .ARM.Collect$$libshutdown$$0000000B  c_w.l(libshutdown2.o)
    0x080001b0   0x080001b0   0x00000000   Code   RO         1225    .ARM.Collect$$libshutdown$$0000000E  c_w.l(libshutdown2.o)
    0x080001b0   0x080001b0   0x00000002   Code   RO         1226    .ARM.Collect$$libshutdown$$0000000F  c_w.l(libshutdown2.o)
    0x080001b2   0x080001b2   0x00000000   Code   RO          998    .ARM.Collect$$rtentry$$00000000  c_w.l(__rtentry.o)
    0x080001b2   0x080001b2   0x00000000   Code   RO         1063    .ARM.Collect$$rtentry$$00000002  c_w.l(__rtentry2.o)
    0x080001b2   0x080001b2   0x00000006   Code   RO         1075    .ARM.Collect$$rtentry$$00000004  c_w.l(__rtentry4.o)
    0x080001b8   0x080001b8   0x00000000   Code   RO         1065    .ARM.Collect$$rtentry$$00000009  c_w.l(__rtentry2.o)
    0x080001b8   0x080001b8   0x00000004   Code   RO         1066    .ARM.Collect$$rtentry$$0000000A  c_w.l(__rtentry2.o)
    0x080001bc   0x080001bc   0x00000000   Code   RO         1068    .ARM.Collect$$rtentry$$0000000C  c_w.l(__rtentry2.o)
    0x080001bc   0x080001bc   0x00000008   Code   RO         1069    .ARM.Collect$$rtentry$$0000000D  c_w.l(__rtentry2.o)
    0x080001c4   0x080001c4   0x00000002   Code   RO         1119    .ARM.Collect$$rtexit$$00000000  c_w.l(rtexit.o)
    0x080001c6   0x080001c6   0x00000000   Code   RO         1173    .ARM.Collect$$rtexit$$00000002  c_w.l(rtexit2.o)
    0x080001c6   0x080001c6   0x00000004   Code   RO         1174    .ARM.Collect$$rtexit$$00000003  c_w.l(rtexit2.o)
    0x080001ca   0x080001ca   0x00000006   Code   RO         1175    .ARM.Collect$$rtexit$$00000004  c_w.l(rtexit2.o)
    0x080001d0   0x080001d0   0x0000000c   Code   RO          565    .emb_text           sys.o
    0x080001dc   0x080001dc   0x0000001a   Code   RO            1    .text               stm32f10x_it.o
    0x080001f6   0x080001f6   0x00000002   PAD
    0x080001f8   0x080001f8   0x000001e0   Code   RO          104    .text               system_stm32f10x.o
    0x080003d8   0x080003d8   0x00000094   Code   RO          122    .text               minibalance.o
    0x0800046c   0x0800046c   0x00000040   Code   RO          235    .text               startup_stm32f10x_md.o
    0x080004ac   0x080004ac   0x000000dc   Code   RO          239    .text               misc.o
    0x08000588   0x08000588   0x0000044e   Code   RO          277    .text               stm32f10x_adc.o
    0x080009d6   0x080009d6   0x00000002   PAD
    0x080009d8   0x080009d8   0x000000c4   Code   RO          289    .text               stm32f10x_bkp.o
    0x08000a9c   0x08000a9c   0x0000011c   Code   RO          373    .text               stm32f10x_exti.o
    0x08000bb8   0x08000bb8   0x0000035c   Code   RO          409    .text               stm32f10x_gpio.o
    0x08000f14   0x08000f14   0x000000cc   Code   RO          445    .text               stm32f10x_pwr.o
    0x08000fe0   0x08000fe0   0x000003a4   Code   RO          457    .text               stm32f10x_rcc.o
    0x08001384   0x08001384   0x00000e1a   Code   RO          507    .text               stm32f10x_tim.o
    0x0800219e   0x0800219e   0x00000002   PAD
    0x080021a0   0x080021a0   0x00000408   Code   RO          519    .text               stm32f10x_usart.o
    0x080025a8   0x080025a8   0x000000d4   Code   RO          543    .text               delay.o
    0x0800267c   0x0800267c   0x000002bc   Code   RO          566    .text               sys.o
    0x08002938   0x08002938   0x000000c8   Code   RO          581    .text               usart.o
    0x08002a00   0x08002a00   0x00000060   Code   RO          600    .text               led.o
    0x08002a60   0x08002a60   0x000001cc   Code   RO          613    .text               key.o
    0x08002c2c   0x08002c2c   0x0000044e   Code   RO          626    .text               oled.o
    0x0800307a   0x0800307a   0x00000002   PAD
    0x0800307c   0x0800307c   0x00000118   Code   RO          645    .text               adc.o
    0x08003194   0x08003194   0x000000d8   Code   RO          663    .text               motor.o
    0x0800326c   0x0800326c   0x000001b8   Code   RO          675    .text               encoder.o
    0x08003424   0x08003424   0x00000526   Code   RO          687    .text               ioi2c.o
    0x0800394a   0x0800394a   0x00000002   PAD
    0x0800394c   0x0800394c   0x000002cc   Code   RO          699    .text               usart3.o
    0x08003c18   0x08003c18   0x00000070   Code   RO          718    .text               exti.o
    0x08003c88   0x08003c88   0x00000bcc   Code   RO          733    .text               control.o
    0x08004854   0x08004854   0x0000055c   Code   RO          748    .text               show.o
    0x08004db0   0x08004db0   0x00000154   Code   RO          767    .text               datascope_dp.o
    0x08004f04   0x08004f04   0x000005ac   Code   RO          785    .text               filter.o
    0x080054b0   0x080054b0   0x00001e90   Code   RO          801    .text               inv_mpu.o
    0x08007340   0x08007340   0x00000d70   Code   RO          825    .text               inv_mpu_dmp_motion_driver.o
    0x080080b0   0x080080b0   0x000008b4   Code   RO          840    .text               mpu6050.o
    0x08008964   0x08008964   0x00000002   Code   RO          866    .text               c_w.l(use_no_semi_2.o)
    0x08008966   0x08008966   0x00000048   Code   RO          868    .text               c_w.l(llsdiv.o)
    0x080089ae   0x080089ae   0x00000002   PAD
    0x080089b0   0x080089b0   0x00000018   Code   RO          872    .text               c_w.l(noretval__2printf.o)
    0x080089c8   0x080089c8   0x00000068   Code   RO          874    .text               c_w.l(__printf.o)
    0x08008a30   0x08008a30   0x00000078   Code   RO          876    .text               c_w.l(_printf_dec.o)
    0x08008aa8   0x08008aa8   0x00000058   Code   RO          900    .text               c_w.l(memcmp.o)
    0x08008b00   0x08008b00   0x00000010   Code   RO          902    .text               c_w.l(aeabi_memset.o)
    0x08008b10   0x08008b10   0x00000044   Code   RO          904    .text               c_w.l(rt_memclr.o)
    0x08008b54   0x08008b54   0x00000006   Code   RO          906    .text               c_w.l(heapauxi.o)
    0x08008b5a   0x08008b5a   0x00000002   Code   RO          996    .text               c_w.l(use_no_semi.o)
    0x08008b5c   0x08008b5c   0x000000ee   Code   RO          999    .text               c_w.l(lludivv7m.o)
    0x08008c4a   0x08008c4a   0x00000016   Code   RO         1001    .text               c_w.l(_rserrno.o)
    0x08008c60   0x08008c60   0x000000b2   Code   RO         1003    .text               c_w.l(_printf_intcommon.o)
    0x08008d12   0x08008d12   0x00000002   PAD
    0x08008d14   0x08008d14   0x00000024   Code   RO         1005    .text               c_w.l(_printf_char_file.o)
    0x08008d38   0x08008d38   0x0000004e   Code   RO         1008    .text               c_w.l(rt_memclr_w.o)
    0x08008d86   0x08008d86   0x00000002   PAD
    0x08008d88   0x08008d88   0x00000008   Code   RO         1084    .text               c_w.l(rt_errno_addr_intlibspace.o)
    0x08008d90   0x08008d90   0x00000030   Code   RO         1086    .text               c_w.l(_printf_char_common.o)
    0x08008dc0   0x08008dc0   0x00000008   Code   RO         1088    .text               c_w.l(ferror.o)
    0x08008dc8   0x08008dc8   0x00000008   Code   RO         1098    .text               c_w.l(libspace.o)
    0x08008dd0   0x08008dd0   0x0000004a   Code   RO         1101    .text               c_w.l(sys_stackheap_outer.o)
    0x08008e1a   0x08008e1a   0x0000000c   Code   RO         1107    .text               c_w.l(exit.o)
    0x08008e26   0x08008e26   0x00000028   Code   RO         1049    i.__ARM_fpclassify  m_ws.l(fpclassify.o)
    0x08008e4e   0x08008e4e   0x000000aa   Code   RO         1051    i.__kernel_poly     m_ws.l(poly.o)
    0x08008ef8   0x08008ef8   0x00000010   Code   RO         1035    i.__mathlib_dbl_divzero  m_ws.l(dunder.o)
    0x08008f08   0x08008f08   0x00000006   Code   RO         1036    i.__mathlib_dbl_infnan  m_ws.l(dunder.o)
    0x08008f0e   0x08008f0e   0x00000004   Code   RO         1037    i.__mathlib_dbl_infnan2  m_ws.l(dunder.o)
    0x08008f12   0x08008f12   0x0000000c   Code   RO         1038    i.__mathlib_dbl_invalid  m_ws.l(dunder.o)
    0x08008f1e   0x08008f1e   0x0000000e   Code   RO         1039    i.__mathlib_dbl_overflow  m_ws.l(dunder.o)
    0x08008f2c   0x08008f2c   0x00000010   Code   RO         1041    i.__mathlib_dbl_underflow  m_ws.l(dunder.o)
    0x08008f3c   0x08008f3c   0x00000270   Code   RO          969    i.asin              m_ws.l(asin.o)
    0x080091ac   0x080091ac   0x00000220   Code   RO         1026    i.atan              m_ws.l(atan.o)
    0x080093cc   0x080093cc   0x00000180   Code   RO          979    i.atan2             m_ws.l(atan2.o)
    0x0800954c   0x0800954c   0x000009b8   Code   RO          987    i.pow               m_ws.l(pow.o)
    0x08009f04   0x08009f04   0x0000004c   Code   RO         1055    i.sqrt              m_ws.l(sqrt.o)
    0x08009f50   0x08009f50   0x00000062   Code   RO          910    x$fpl$d2f           fz_ws.l(d2f.o)
    0x08009fb2   0x08009fb2   0x00000002   PAD
    0x08009fb4   0x08009fb4   0x00000150   Code   RO          912    x$fpl$dadd          fz_ws.l(daddsub_clz.o)
    0x0800a104   0x0800a104   0x00000010   Code   RO         1092    x$fpl$dcheck1       fz_ws.l(dcheck1.o)
    0x0800a114   0x0800a114   0x00000018   Code   RO         1115    x$fpl$dcmpinf       fz_ws.l(dcmpi.o)
    0x0800a12c   0x0800a12c   0x000002b0   Code   RO          919    x$fpl$ddiv          fz_ws.l(ddiv.o)
    0x0800a3dc   0x0800a3dc   0x0000005e   Code   RO          922    x$fpl$dfix          fz_ws.l(dfix.o)
    0x0800a43a   0x0800a43a   0x0000002e   Code   RO          927    x$fpl$dflt          fz_ws.l(dflt_clz.o)
    0x0800a468   0x0800a468   0x00000026   Code   RO          926    x$fpl$dfltu         fz_ws.l(dflt_clz.o)
    0x0800a48e   0x0800a48e   0x00000002   PAD
    0x0800a490   0x0800a490   0x00000078   Code   RO         1094    x$fpl$dleqf         fz_ws.l(dleqf.o)
    0x0800a508   0x0800a508   0x00000154   Code   RO          932    x$fpl$dmul          fz_ws.l(dmul.o)
    0x0800a65c   0x0800a65c   0x0000009c   Code   RO         1010    x$fpl$dnaninf       fz_ws.l(dnaninf.o)
    0x0800a6f8   0x0800a6f8   0x0000000c   Code   RO         1012    x$fpl$dretinf       fz_ws.l(dretinf.o)
    0x0800a704   0x0800a704   0x0000006c   Code   RO         1014    x$fpl$drleqf        fz_ws.l(drleqf.o)
    0x0800a770   0x0800a770   0x00000016   Code   RO          913    x$fpl$drsb          fz_ws.l(daddsub_clz.o)
    0x0800a786   0x0800a786   0x00000002   PAD
    0x0800a788   0x0800a788   0x000001cc   Code   RO         1096    x$fpl$dsqrt         fz_ws.l(dsqrt_noumaal.o)
    0x0800a954   0x0800a954   0x000001d4   Code   RO          914    x$fpl$dsub          fz_ws.l(daddsub_clz.o)
    0x0800ab28   0x0800ab28   0x00000056   Code   RO          934    x$fpl$f2d           fz_ws.l(f2d.o)
    0x0800ab7e   0x0800ab7e   0x00000002   PAD
    0x0800ab80   0x0800ab80   0x000000c4   Code   RO          936    x$fpl$fadd          fz_ws.l(faddsub_clz.o)
    0x0800ac44   0x0800ac44   0x00000018   Code   RO         1016    x$fpl$fcmpinf       fz_ws.l(fcmpi.o)
    0x0800ac5c   0x0800ac5c   0x00000184   Code   RO          943    x$fpl$fdiv          fz_ws.l(fdiv.o)
    0x0800ade0   0x0800ade0   0x00000068   Code   RO          946    x$fpl$feqf          fz_ws.l(feqf.o)
    0x0800ae48   0x0800ae48   0x00000036   Code   RO          948    x$fpl$ffix          fz_ws.l(ffix.o)
    0x0800ae7e   0x0800ae7e   0x00000002   PAD
    0x0800ae80   0x0800ae80   0x0000003e   Code   RO          952    x$fpl$ffixu         fz_ws.l(ffixu.o)
    0x0800aebe   0x0800aebe   0x00000002   PAD
    0x0800aec0   0x0800aec0   0x00000030   Code   RO          957    x$fpl$fflt          fz_ws.l(fflt_clz.o)
    0x0800aef0   0x0800aef0   0x00000026   Code   RO          956    x$fpl$ffltu         fz_ws.l(fflt_clz.o)
    0x0800af16   0x0800af16   0x00000002   PAD
    0x0800af18   0x0800af18   0x00000068   Code   RO          962    x$fpl$fleqf         fz_ws.l(fleqf.o)
    0x0800af80   0x0800af80   0x00000102   Code   RO          964    x$fpl$fmul          fz_ws.l(fmul.o)
    0x0800b082   0x0800b082   0x0000008c   Code   RO         1018    x$fpl$fnaninf       fz_ws.l(fnaninf.o)
    0x0800b10e   0x0800b10e   0x0000000a   Code   RO         1020    x$fpl$fretinf       fz_ws.l(fretinf.o)
    0x0800b118   0x0800b118   0x00000062   Code   RO          966    x$fpl$frleqf        fz_ws.l(frleqf.o)
    0x0800b17a   0x0800b17a   0x00000014   Code   RO          937    x$fpl$frsb          fz_ws.l(faddsub_clz.o)
    0x0800b18e   0x0800b18e   0x00000002   PAD
    0x0800b190   0x0800b190   0x000000ea   Code   RO          938    x$fpl$fsub          fz_ws.l(faddsub_clz.o)
    0x0800b27a   0x0800b27a   0x00000064   Code   RO         1117    x$fpl$retnan        fz_ws.l(retnan.o)
    0x0800b2de   0x0800b2de   0x0000005c   Code   RO         1022    x$fpl$scalbn        fz_ws.l(scalbn.o)
    0x0800b33a   0x0800b33a   0x00000030   Code   RO         1170    x$fpl$trapveneer    fz_ws.l(trapv.o)
    0x0800b36a   0x0800b36a   0x00000000   Code   RO         1024    x$fpl$usenofp       fz_ws.l(usenofp.o)
    0x0800b36a   0x0800b36a   0x00000a64   Data   RO          628    .constdata          oled.o
    0x0800bdce   0x0800bdce   0x00000002   PAD
    0x0800bdd0   0x0800bdd0   0x00000050   Data   RO          802    .constdata          inv_mpu.o
    0x0800be20   0x0800be20   0x00000bf6   Data   RO          827    .constdata          inv_mpu_dmp_motion_driver.o
    0x0800ca16   0x0800ca16   0x00000002   PAD
    0x0800ca18   0x0800ca18   0x00000050   Data   RO          970    .constdata          m_ws.l(asin.o)
    0x0800ca68   0x0800ca68   0x00000088   Data   RO          988    .constdata          m_ws.l(pow.o)
    0x0800caf0   0x0800caf0   0x00000098   Data   RO         1027    .constdata          m_ws.l(atan.o)
    0x0800cb88   0x0800cb88   0x00000008   Data   RO         1053    .constdata          m_ws.l(qnan.o)
    0x0800cb90   0x0800cb90   0x0000004e   Data   RO          803    .conststring        inv_mpu.o
    0x0800cbde   0x0800cbde   0x00000002   PAD
    0x0800cbe0   0x0800cbe0   0x00000020   Data   RO         1244    Region$$Table       anon$$obj.o


    Execution Region RW_IRAM1 (Exec base: 0x20000000, Load base: 0x0800cc00, Size: 0x00000e30, Max: 0x00005000, ABSOLUTE, COMPRESSED[0x0000007c])

    Exec Addr    Load Addr    Size         Type   Attr      Idx    E Section Name        Object

    0x20000000   COMPRESSED   0x00000014   Data   RW          105    .data               system_stm32f10x.o
    0x20000014   COMPRESSED   0x00000054   Data   RW          123    .data               minibalance.o
    0x20000068   COMPRESSED   0x00000014   Data   RW          458    .data               stm32f10x_rcc.o
    0x2000007c   COMPRESSED   0x00000004   Data   RW          544    .data               delay.o
    0x20000080   COMPRESSED   0x00000004   Data   RW          582    .data               usart.o
    0x20000084   COMPRESSED   0x00000004   Data   RW          601    .data               led.o
    0x20000088   COMPRESSED   0x0000000e   Data   RW          614    .data               key.o
    0x20000096   COMPRESSED   0x00000002   PAD
    0x20000098   COMPRESSED   0x00000010   Data   RW          701    .data               usart3.o
    0x200000a8   COMPRESSED   0x00000110   Data   RW          734    .data               control.o
    0x200001b8   COMPRESSED   0x00000009   Data   RW          749    .data               show.o
    0x200001c1   COMPRESSED   0x00000003   PAD
    0x200001c4   COMPRESSED   0x00000084   Data   RW          787    .data               filter.o
    0x20000248   COMPRESSED   0x0000002c   Data   RW          804    .data               inv_mpu.o
    0x20000274   COMPRESSED   0x0000003c   Data   RW          842    .data               mpu6050.o
    0x200002b0        -       0x00000400   Zero   RW          627    .bss                oled.o
    0x200006b0        -       0x00000032   Zero   RW          700    .bss                usart3.o
    0x200006e2        -       0x0000002a   Zero   RW          768    .bss                datascope_dp.o
    0x2000070c        -       0x00000020   Zero   RW          786    .bss                filter.o
    0x2000072c        -       0x00000010   Zero   RW          826    .bss                inv_mpu_dmp_motion_driver.o
    0x2000073c        -       0x00000092   Zero   RW          841    .bss                mpu6050.o
    0x200007ce   COMPRESSED   0x00000002   PAD
    0x200007d0        -       0x00000060   Zero   RW         1099    .bss                c_w.l(libspace.o)
    0x20000830        -       0x00000200   Zero   RW          233    HEAP                startup_stm32f10x_md.o
    0x20000a30        -       0x00000400   Zero   RW          232    STACK               startup_stm32f10x_md.o


==============================================================================

Image component sizes


      Code (inc. data)   RO Data    RW Data    ZI Data      Debug   Object Name

       280         24          0          0          0       1040   adc.o
      3020        388          0        272          0       7000   control.o
         0          0          0          0          0         32   core_cm3.o
       340         30          0          0         42       2118   datascope_dp.o
       212         18          0          4          0       1055   delay.o
       440         16          0          0          0       1563   encoder.o
       112          4          0          0          0        656   exti.o
      1452        170          0        132         32       2461   filter.o
      7824        172        158         44          0      21003   inv_mpu.o
      3440        126       3062          0         16      14875   inv_mpu_dmp_motion_driver.o
      1318         12          0          0          0       5514   ioi2c.o
       460         46          0         14          0       1559   key.o
        96         16          0          4          0        745   led.o
       148         14          0         84          0       2463   minibalance.o
       220         22          0          0          0     216505   misc.o
       216         12          0          0          0        982   motor.o
      2228        404          0         60        146      20954   mpu6050.o
      1102         34       2660          0       1024       4627   oled.o
      1372        240          0          9          0       1778   show.o
        64         26        236          0       1536        832   startup_stm32f10x_md.o
      1102         26          0          0          0      10865   stm32f10x_adc.o
       196          8          0          0          0       3496   stm32f10x_bkp.o
       284         10          0          0          0       2263   stm32f10x_exti.o
       860         38          0          0          0       5677   stm32f10x_gpio.o
        26          0          0          0          0     250978   stm32f10x_it.o
       204         14          0          0          0       1935   stm32f10x_pwr.o
       932         36          0         20          0       8864   stm32f10x_rcc.o
      3610         88          0          0          0      22160   stm32f10x_tim.o
      1032         22          0          0          0       8404   stm32f10x_usart.o
       712         44          0          0          0       2783   sys.o
       480         38          0         20          0       1791   system_stm32f10x.o
       200         16          0          4          0       2838   usart.o
       716         98          0         16         50       1608   usart3.o

    ----------------------------------------------------------------------
     34708       2212       6154        688       2848     631424   Object Totals
         0          0         32          0          0          0   (incl. Generated)
        10          0          6          5          2          0   (incl. Padding)

    ----------------------------------------------------------------------

      Code (inc. data)   RO Data    RW Data    ZI Data      Debug   Library Member Name

        90          0          0          0          0          0   __dczerorl2.o
         8          0          0          0          0         68   __main.o
       104          0          0          0          0         84   __printf.o
         0          0          0          0          0          0   __rtentry.o
        12          0          0          0          0          0   __rtentry2.o
         6          0          0          0          0          0   __rtentry4.o
        52          8          0          0          0          0   __scatter.o
        28          0          0          0          0          0   __scatter_zi.o
        48          6          0          0          0         96   _printf_char_common.o
        36          4          0          0          0         80   _printf_char_file.o
         6          0          0          0          0          0   _printf_d.o
       120         16          0          0          0         92   _printf_dec.o
       178          0          0          0          0         88   _printf_intcommon.o
         0          0          0          0          0          0   _printf_percent.o
         4          0          0          0          0          0   _printf_percent_end.o
        22          0          0          0          0        100   _rserrno.o
        16          0          0          0          0         68   aeabi_memset.o
        12          0          0          0          0         72   exit.o
         8          0          0          0          0         68   ferror.o
         6          0          0          0          0        152   heapauxi.o
         2          0          0          0          0          0   libinit.o
         2          0          0          0          0          0   libinit2.o
         2          0          0          0          0          0   libshutdown.o
         2          0          0          0          0          0   libshutdown2.o
         8          4          0          0         96         68   libspace.o
        72          0          0          0          0         76   llsdiv.o
       238          0          0          0          0        100   lludivv7m.o
        88          0          0          0          0         76   memcmp.o
        24          4          0          0          0         84   noretval__2printf.o
         8          4          0          0          0         68   rt_errno_addr_intlibspace.o
        68          0          0          0          0         68   rt_memclr.o
        78          0          0          0          0         80   rt_memclr_w.o
         2          0          0          0          0          0   rtexit.o
        10          0          0          0          0          0   rtexit2.o
        74          0          0          0          0         80   sys_stackheap_outer.o
         2          0          0          0          0         68   use_no_semi.o
         2          0          0          0          0         68   use_no_semi_2.o
        98          4          0          0          0         92   d2f.o
       826         16          0          0          0        348   daddsub_clz.o
        16          4          0          0          0         68   dcheck1.o
        24          0          0          0          0         68   dcmpi.o
       688        140          0          0          0        208   ddiv.o
        94          4          0          0          0         92   dfix.o
        84          0          0          0          0        136   dflt_clz.o
       120          4          0          0          0         92   dleqf.o
       340         12          0          0          0        104   dmul.o
       156          4          0          0          0         92   dnaninf.o
        12          0          0          0          0         68   dretinf.o
       108          0          0          0          0         80   drleqf.o
       460         56          0          0          0        120   dsqrt_noumaal.o
        86          4          0          0          0         84   f2d.o
       450          8          0          0          0        236   faddsub_clz.o
        24          0          0          0          0         68   fcmpi.o
       388         76          0          0          0         96   fdiv.o
       104          4          0          0          0         84   feqf.o
        54          4          0          0          0         84   ffix.o
        62          4          0          0          0         84   ffixu.o
        86          0          0          0          0        136   fflt_clz.o
       104          4          0          0          0         84   fleqf.o
       258          4          0          0          0         84   fmul.o
       140          4          0          0          0         84   fnaninf.o
        10          0          0          0          0         68   fretinf.o
        98          0          0          0          0         68   frleqf.o
       100          0          0          0          0         68   retnan.o
        92          0          0          0          0         68   scalbn.o
        48          0          0          0          0         68   trapv.o
         0          0          0          0          0          0   usenofp.o
       624         52         80          0          0        168   asin.o
       544         70        152          0          0        124   atan.o
       384         38          0          0          0        144   atan2.o
        68         10          0          0          0        408   dunder.o
        40          0          0          0          0         68   fpclassify.o
       170          0          0          0          0         96   poly.o
      2488        190        136          0          0        300   pow.o
         0          0          8          0          0          0   qnan.o
        76          0          0          0          0         84   sqrt.o

    ----------------------------------------------------------------------
     10986        762        376          0         96       6228   Library Totals
        24          0          0          0          0          0   (incl. Padding)

    ----------------------------------------------------------------------

      Code (inc. data)   RO Data    RW Data    ZI Data      Debug   Library Name

      1438         46          0          0         96       1804   c_w.l
      5130        356          0          0          0       3032   fz_ws.l
      4394        360        376          0          0       1392   m_ws.l

    ----------------------------------------------------------------------
     10986        762        376          0         96       6228   Library Totals

    ----------------------------------------------------------------------

==============================================================================


      Code (inc. data)   RO Data    RW Data    ZI Data      Debug   

     45694       2974       6530        688       2944     631148   Grand Totals
     45694       2974       6530        124       2944     631148   ELF Image Totals (compressed)
     45694       2974       6530        124          0          0   ROM Totals

==============================================================================

    Total RO  Size (Code + RO Data)                52224 (  51.00kB)
    Total RW  Size (RW Data + ZI Data)              3632 (   3.55kB)
    Total ROM Size (Code + RO Data + RW Data)      52348 (  51.12kB)

==============================================================================

