<html>
<body>
<pre>
<h1>礦ision Build Log</h1>
<h2>Tool Versions:</h2>
IDE-Version: μVision V5.25.3.0
Copyright (C) 2018 ARM Ltd and ARM Germany GmbH. All rights reserved.
License Information: dfhf gfdh, ghs, LIC=3UURY-I5T5F-D3DM3-AXDR9-PS14U-BQY4Q
 
Tool Versions:
Toolchain:       MDK-ARM Professional  Version: 5.14.0.0
Toolchain Path:  D:\MDK5\ARM\ARMCC\Bin
C Compiler:      Armcc.exe V5.05 update 1 (build 106)
Assembler:       Armasm.exe V5.05 update 1 (build 106)
Linker/Locator:  ArmLink.exe V5.05 update 1 (build 106)
Library Manager: ArmAr.exe V5.05 update 1 (build 106)
Hex Converter:   FromElf.exe V5.05 update 1 (build 106)
CPU DLL:         SARMCM3.DLL V5.14.0.0
Dialog DLL:      DCM.DLL V1.13.1.0
Target DLL:      UL2CM3.DLL V1.155.0.0
Dialog DLL:      TCM.DLL V1.14.4.0
 
<h2>Project:</h2>
C:\Users\123\Desktop\3.WHEELTEC B570 平衡小车源码（库函数版）\USER\MiniBalance.uvprojx
Project File Date:  01/19/2022

<h2>Output:</h2>
*** Using Compiler 'V5.05 update 1 (build 106)', folder: 'D:\MDK5\ARM\ARMCC\Bin'
Build target 'MiniBalance'
compiling control.c...
..\MiniBalance\CONTROL\control.c(25): warning:  #177-D: variable "Voltage_Temp" was declared but never referenced
  	static int Voltage_Temp,Voltage_Count,Voltage_All;		//电压测量相关变量
..\MiniBalance\CONTROL\control.c(25): warning:  #177-D: variable "Voltage_Count" was declared but never referenced
  	static int Voltage_Temp,Voltage_Count,Voltage_All;		//电压测量相关变量
..\MiniBalance\CONTROL\control.c(25): warning:  #177-D: variable "Voltage_All" was declared but never referenced
  	static int Voltage_Temp,Voltage_Count,Voltage_All;		//电压测量相关变量
..\MiniBalance\CONTROL\control.c(27): warning:  #177-D: variable "Flag_Yaw" was declared but never referenced
  	static int Flag_Yaw=0;
..\MiniBalance\CONTROL\control.c(29): warning:  #177-D: variable "Balance_Pwm" was declared but never referenced
  	int Balance_Pwm;		  					//平衡环PWM变量，速度环PWM变量，转向环PWM变
..\MiniBalance\CONTROL\control.c(144): warning:  #177-D: variable "Kd" was declared but never referenced
  	 int Kd;		
..\MiniBalance\CONTROL\control.c: 6 warnings, 0 errors
linking...
Program Size: Code=45694 RO-data=6530 RW-data=688 ZI-data=2944  
FromELF: creating hex file...
"..\OBJ\MiniBalance.axf" - 0 Error(s), 6 Warning(s).

<h2>Software Packages used:</h2>

Package Vendor: ARM
                http://www.keil.com/pack/ARM.CMSIS.4.2.0.pack
                ARM.CMSIS.4.2.0
                CMSIS (Cortex Microcontroller Software Interface Standard)
   * Component: CORE Version: 3.40.0

Package Vendor: Keil
                http://www.keil.com/pack/Keil.STM32F1xx_DFP.2.2.0.pack
                Keil.STM32F1xx_DFP.2.2.0
                STMicroelectronics STM32F1 Series Device Support, Drivers and Examples

<h2>Collection of Component include folders:</h2>
  .\RTE\_MiniBalance
  D:\MDK5\ARM\PACK\ARM\CMSIS\4.2.0\CMSIS\Include
  D:\MDK5\ARM\PACK\Keil\STM32F1xx_DFP\2.2.0\Device\Include

<h2>Collection of Component Files used:</h2>

   * Component: ARM::CMSIS:CORE:3.40.0
      Source file:   CMSIS\UserCodeTemplates\ARM\ITM_Retarget.c
Build Time Elapsed:  00:00:01
</pre>
</body>
</html>
